Component: ARM Compiler 5.06 update 4 (build 422) Tool: armlink [4d35d2]

==============================================================================

Section Cross References

    main.o(i.Child1) refers to led_f4discovery.o(i.LED_On) for LED_On
    main.o(i.Child1) refers to main.o(i.myDelay) for myDelay
    main.o(i.Child1) refers to led_f4discovery.o(i.LED_Off) for LED_Off
    main.o(i.Child2) refers to led_f4discovery.o(i.LED_On) for LED_On
    main.o(i.Child2) refers to main.o(i.myDelay) for myDelay
    main.o(i.Child2) refers to led_f4discovery.o(i.LED_Off) for LED_Off
    main.o(i.Ptimer_callback) refers to rt_cmsis.o(i.osThreadTerminate) for osThreadTerminate
    main.o(i.Ptimer_callback) refers to rt_cmsis.o(i.osThreadCreate) for osThreadCreate
    main.o(i.Ptimer_callback) refers to main.o(.data) for count
    main.o(i.Ptimer_callback) refers to main.o(.constdata) for os_thread_def_Child1
    main.o(i.main) refers to led_f4discovery.o(i.LED_Initialize) for LED_Initialize
    main.o(i.main) refers to system_stm32f4xx.o(i.SystemCoreClockUpdate) for SystemCoreClockUpdate
    main.o(i.main) refers to rt_cmsis.o(i.osKernelInitialize) for osKernelInitialize
    main.o(i.main) refers to rt_cmsis.o(i.osTimerCreate) for osTimerCreate
    main.o(i.main) refers to rt_cmsis.o(i.osKernelStart) for osKernelStart
    main.o(i.main) refers to rt_cmsis.o(i.osTimerStart) for osTimerStart
    main.o(i.main) refers to rt_cmsis.o(i.osThreadYield) for osThreadYield
    main.o(i.main) refers to main.o(.data) for parg
    main.o(i.main) refers to main.o(.constdata) for os_timer_def_Pt
    main.o(.constdata) refers to main.o(i.Ptimer_callback) for Ptimer_callback
    main.o(.constdata) refers to main.o(.bss) for os_timer_cb_Pt
    main.o(.constdata) refers to main.o(i.Child1) for Child1
    main.o(.constdata) refers to main.o(i.Child2) for Child2
    led_f4discovery.o(i.LED_Initialize) refers to stm32f4xx_hal_gpio.o(i.HAL_GPIO_Init) for HAL_GPIO_Init
    led_f4discovery.o(i.LED_Off) refers to stm32f4xx_hal_gpio.o(i.HAL_GPIO_WritePin) for HAL_GPIO_WritePin
    led_f4discovery.o(i.LED_Off) refers to led_f4discovery.o(.constdata) for LED_PIN
    led_f4discovery.o(i.LED_On) refers to stm32f4xx_hal_gpio.o(i.HAL_GPIO_WritePin) for HAL_GPIO_WritePin
    led_f4discovery.o(i.LED_On) refers to led_f4discovery.o(.constdata) for LED_PIN
    led_f4discovery.o(i.LED_SetOut) refers to led_f4discovery.o(i.LED_On) for LED_On
    led_f4discovery.o(i.LED_SetOut) refers to led_f4discovery.o(i.LED_Off) for LED_Off
    led_f4discovery.o(i.LED_Uninitialize) refers to stm32f4xx_hal_gpio.o(i.HAL_GPIO_DeInit) for HAL_GPIO_DeInit
    rtx_conf_cm.o(.emb_text) refers to rt_cmsis.o(i.osKernelInitialize) for osKernelInitialize
    rtx_conf_cm.o(.emb_text) refers to rt_cmsis.o(i.osThreadCreate) for osThreadCreate
    rtx_conf_cm.o(.emb_text) refers to rt_cmsis.o(i.osKernelStart) for osKernelStart
    rtx_conf_cm.o(.emb_text) refers to exit.o(.text) for exit
    rtx_conf_cm.o(.emb_text) refers to rtx_conf_cm.o(.constdata) for os_thread_def_main
    rtx_conf_cm.o(i.__user_perthread_libspace) refers to rt_task.o(i.rt_tsk_self) for rt_tsk_self
    rtx_conf_cm.o(i.__user_perthread_libspace) refers to rt_cmsis.o(.data) for os_running
    rtx_conf_cm.o(i.__user_perthread_libspace) refers to rtx_conf_cm.o(.bss) for .bss
    rtx_conf_cm.o(i.__user_perthread_libspace) refers to libspace.o(.bss) for __libspace_start
    rtx_conf_cm.o(i._mutex_acquire) refers to rt_cmsis.o(.data) for os_running
    rtx_conf_cm.o(i._mutex_acquire) refers to rt_mutex.o(i.rt_mut_wait) for rt_mut_wait
    rtx_conf_cm.o(i._mutex_initialize) refers to rt_mutex.o(i.rt_mut_init) for rt_mut_init
    rtx_conf_cm.o(i._mutex_initialize) refers to rtx_conf_cm.o(.data) for .data
    rtx_conf_cm.o(i._mutex_initialize) refers to rtx_conf_cm.o(.bss) for .bss
    rtx_conf_cm.o(i._mutex_release) refers to rt_cmsis.o(.data) for os_running
    rtx_conf_cm.o(i._mutex_release) refers to rt_mutex.o(i.rt_mut_release) for rt_mut_release
    rtx_conf_cm.o(.constdata) refers to rt_cmsis.o(i.osTimerThread) for osTimerThread
    rtx_conf_cm.o(.constdata) refers to rtx_conf_cm.o(.bss) for os_messageQ_q_osTimerMessageQ
    rtx_conf_cm.o(.constdata) refers to main.o(i.main) for main
    eventrecorder.o(i.EventCheckFilter) refers to eventrecorder.o(.noinit) for EventStatus
    eventrecorder.o(i.EventGetTS) refers to eventrecorder.o(i.EventRecorderTimerGet) for EventRecorderTimerGet
    eventrecorder.o(i.EventGetTS) refers to eventrecorder.o(i.atomic_xch32) for atomic_xch32
    eventrecorder.o(i.EventGetTS) refers to eventrecorder.o(i.atomic_inc32) for atomic_inc32
    eventrecorder.o(i.EventGetTS) refers to eventrecorder.o(.noinit) for EventStatus
    eventrecorder.o(i.EventRecord2) refers to eventrecorder.o(i.EventCheckFilter) for EventCheckFilter
    eventrecorder.o(i.EventRecord2) refers to eventrecorder.o(i.EventGetTS) for EventGetTS
[...]

Image Symbol Table

    Local Symbols

    Symbol Name                              Value     Ov Type        Size  Object(Section)

    ../clib/angel/boardlib.s                 0x00000000   Number         0  boardshut.o ABSOLUTE
    ../clib/angel/boardlib.s                 0x00000000   Number         0  boardinit2.o ABSOLUTE
    ../clib/angel/boardlib.s                 0x00000000   Number         0  boardinit1.o ABSOLUTE
    ../clib/angel/handlers.s                 0x00000000   Number         0  __scatter_zi.o ABSOLUTE
    ../clib/angel/handlers.s                 0x00000000   Number         0  __scatter_copy.o ABSOLUTE
    ../clib/angel/kernel.s                   0x00000000   Number         0  rtexit2.o ABSOLUTE
    ../clib/angel/kernel.s                   0x00000000   Number         0  rtexit.o ABSOLUTE
    ../clib/angel/kernel.s                   0x00000000   Number         0  __rtentry.o ABSOLUTE
    ../clib/angel/kernel.s                   0x00000000   Number         0  __rtentry4.o ABSOLUTE
    ../clib/angel/kernel.s                   0x00000000   Number         0  __rtentry2.o ABSOLUTE
    ../clib/angel/rt.s                       0x00000000   Number         0  rt_raise.o ABSOLUTE
    ../clib/angel/rt.s                       0x00000000   Number         0  aeabi_ldiv0.o ABSOLUTE
    ../clib/angel/rt.s                       0x00000000   Number         0  rt_div0.o ABSOLUTE
    ../clib/angel/rt.s                       0x00000000   Number         0  aeabi_ldiv0_sigfpe.o ABSOLUTE
    ../clib/angel/scatter.s                  0x00000000   Number         0  __scatter.o ABSOLUTE
    ../clib/angel/startup.s                  0x00000000   Number         0  __main.o ABSOLUTE
    ../clib/angel/sys.s                      0x00000000   Number         0  use_no_semi.o ABSOLUTE
    ../clib/angel/sys.s                      0x00000000   Number         0  indicate_semi.o ABSOLUTE
    ../clib/angel/sys.s                      0x00000000   Number         0  libspace.o ABSOLUTE
    ../clib/angel/sys.s                      0x00000000   Number         0  sys_stackheap_outer.o ABSOLUTE
    ../clib/angel/sysapp.c                   0x00000000   Number         0  sys_exit.o ABSOLUTE
    ../clib/angel/sysapp.c                   0x00000000   Number         0  sys_command.o ABSOLUTE
    ../clib/angel/sysapp.c                   0x00000000   Number         0  sys_wrch.o ABSOLUTE
    ../clib/armsys.c                         0x00000000   Number         0  _get_argv_nomalloc.o ABSOLUTE
    ../clib/armsys.c                         0x00000000   Number         0  no_argv.o ABSOLUTE
    ../clib/armsys.c                         0x00000000   Number         0  argv_veneer.o ABSOLUTE
    ../clib/armsys.c                         0x00000000   Number         0  argv_veneer.o ABSOLUTE
    ../clib/heapalloc.c                      0x00000000   Number         0  hrguard.o ABSOLUTE
    ../clib/heapaux.c                        0x00000000   Number         0  heapauxi.o ABSOLUTE
    ../clib/libinit.s                        0x00000000   Number         0  libshutdown2.o ABSOLUTE
    ../clib/libinit.s                        0x00000000   Number         0  libshutdown.o ABSOLUTE
    ../clib/libinit.s                        0x00000000   Number         0  libinit.o ABSOLUTE
    ../clib/libinit.s                        0x00000000   Number         0  libinit2.o ABSOLUTE
    ../clib/longlong.s                       0x00000000   Number         0  lludivv7m.o ABSOLUTE
    ../clib/memcpset.s                       0x00000000   Number         0  rt_memcpy_w.o ABSOLUTE
    ../clib/memcpset.s                       0x00000000   Number         0  rt_memcpy_v6.o ABSOLUTE
    ../clib/memcpset.s                       0x00000000   Number         0  rt_memclr_w.o ABSOLUTE
    ../clib/signal.c                         0x00000000   Number         0  defsig_rtmem_formal.o ABSOLUTE
    ../clib/signal.c                         0x00000000   Number         0  defsig_rtred_inner.o ABSOLUTE
    ../clib/signal.c                         0x00000000   Number         0  defsig_abrt_inner.o ABSOLUTE
    ../clib/signal.c                         0x00000000   Number         0  defsig_stak_inner.o ABSOLUTE
    ../clib/signal.c                         0x00000000   Number         0  defsig_fpe_outer.o ABSOLUTE
    ../clib/signal.c                         0x00000000   Number         0  defsig_fpe_inner.o ABSOLUTE
    ../clib/signal.c                         0x00000000   Number         0  defsig_fpe_formal.o ABSOLUTE
    ../clib/signal.c                         0x00000000   Number         0  __raise.o ABSOLUTE
    ../clib/signal.c                         0x00000000   Number         0  defsig_other.o ABSOLUTE
    ../clib/signal.c                         0x00000000   Number         0  defsig_segv_inner.o ABSOLUTE
    ../clib/signal.c                         0x00000000   Number         0  defsig_cppl_inner.o ABSOLUTE
    ../clib/signal.c                         0x00000000   Number         0  defsig_general.o ABSOLUTE
    ../clib/signal.c                         0x00000000   Number         0  defsig_pvfn_inner.o ABSOLUTE
    ../clib/signal.c                         0x00000000   Number         0  defsig_exit.o ABSOLUTE
    ../clib/signal.c                         0x00000000   Number         0  defsig_rtmem_inner.o ABSOLUTE
    ../clib/signal.c                         0x00000000   Number         0  defsig_rtmem_outer.o ABSOLUTE
    ../clib/signal.s                         0x00000000   Number         0  defsig.o ABSOLUTE
    ../clib/stdlib.c                         0x00000000   Number         0  exit.o ABSOLUTE
    ../fplib/fpinit.s                        0x00000000   Number         0  fpinit.o ABSOLUTE
    ..\HAL_CM.c                              0x00000000   Number         0  hal_cm.o ABSOLUTE
    ..\\rt_CMSIS.c                           0x00000000   Number         0  rt_cmsis.o ABSOLUTE
    ..\\rt_System.c                          0x00000000   Number         0  rt_system.o ABSOLUTE
    ..\rt_CMSIS.c                            0x00000000   Number         0  rt_cmsis.o ABSOLUTE
    ..\rt_Event.c                            0x00000000   Number         0  rt_event.o ABSOLUTE
    ..\rt_List.c                             0x00000000   Number         0  rt_list.o ABSOLUTE
    ..\rt_Mailbox.c                          0x00000000   Number         0  rt_mailbox.o ABSOLUTE
    ..\rt_MemBox.c                           0x00000000   Number         0  rt_membox.o ABSOLUTE
    ..\rt_Memory.c                           0x00000000   Number         0  rt_memory.o ABSOLUTE
    ..\rt_Mutex.c                            0x00000000   Number         0  rt_mutex.o ABSOLUTE
    ..\rt_Robin.c                            0x00000000   Number         0  rt_robin.o ABSOLUTE
    ..\rt_Semaphore.c                        0x00000000   Number         0  rt_semaphore.o ABSOLUTE
    ..\rt_System.c                           0x00000000   Number         0  rt_system.o ABSOLUTE
    ..\rt_Task.c                             0x00000000   Number         0  rt_task.o ABSOLUTE
    ..\rt_Time.c                             0x00000000   Number         0  rt_time.o ABSOLUTE
    C:\Keil_v5\ARM\PACK\Keil\ARM_Compiler\1.3.0\Source\EventRecorder.c 0x00000000   Number         0  eventrecorder.o ABSOLUTE
    C:\Keil_v5\ARM\PACK\Keil\STM32F4xx_DFP\2.11.0\Drivers\STM32F4xx_HAL_Driver\Src\stm32f4xx_hal.c 0x00000000   Number         0  stm32f4xx_hal.o ABSOLUTE
    C:\Keil_v5\ARM\PACK\Keil\STM32F4xx_DFP\2.11.0\Drivers\STM32F4xx_HAL_Driver\Src\stm32f4xx_hal_cortex.c 0x00000000   Number         0  stm32f4xx_hal_cortex.o ABSOLUTE
    C:\Keil_v5\ARM\PACK\Keil\STM32F4xx_DFP\2.11.0\Drivers\STM32F4xx_HAL_Driver\Src\stm32f4xx_hal_gpio.c 0x00000000   Number         0  stm32f4xx_hal_gpio.o ABSOLUTE
    C:\Keil_v5\ARM\PACK\Keil\STM32F4xx_DFP\2.11.0\Drivers\STM32F4xx_HAL_Driver\Src\stm32f4xx_hal_pwr.c 0x00000000   Number         0  stm32f4xx_hal_pwr.o ABSOLUTE
    C:\Keil_v5\ARM\PACK\Keil\STM32F4xx_DFP\2.11.0\Drivers\STM32F4xx_HAL_Driver\Src\stm32f4xx_hal_pwr_ex.c 0x00000000   Number         0  stm32f4xx_hal_pwr_ex.o ABSOLUTE
    C:\Keil_v5\ARM\PACK\Keil\STM32F4xx_DFP\2.11.0\Drivers\STM32F4xx_HAL_Driver\Src\stm32f4xx_hal_rcc.c 0x00000000   Number         0  stm32f4xx_hal_rcc.o ABSOLUTE
    C:\Keil_v5\ARM\PACK\Keil\STM32F4xx_DFP\2.11.0\Drivers\STM32F4xx_HAL_Driver\Src\stm32f4xx_hal_rcc_ex.c 0x00000000   Number         0  stm32f4xx_hal_rcc_ex.o ABSOLUTE
    C:\Keil_v5\ARM\PACK\Keil\STM32F4xx_DFP\2.11.0\MDK\Boards\ST\STM32F4-Discovery\Common\LED_F4Discovery.c 0x00000000   Number         0  led_f4discovery.o ABSOLUTE
    C:\\Keil_v5\\ARM\\PACK\\Keil\\ARM_Compiler\\1.3.0\\Source\\EventRecorder.c 0x00000000   Number         0  eventrecorder.o ABSOLUTE
    C:\\Keil_v5\\ARM\\PACK\\Keil\\STM32F4xx_DFP\\2.11.0\\Drivers\\STM32F4xx_HAL_Driver\\Src\\stm32f4xx_hal.c 0x00000000   Number         0  stm32f4xx_hal.o ABSOLUTE
    C:\\Keil_v5\\ARM\\PACK\\Keil\\STM32F4xx_DFP\\2.11.0\\Drivers\\STM32F4xx_HAL_Driver\\Src\\stm32f4xx_hal_cortex.c 0x00000000   Number         0  stm32f4xx_hal_cortex.o ABSOLUTE
    C:\\Keil_v5\\ARM\\PACK\\Keil\\STM32F4xx_DFP\\2.11.0\\Drivers\\STM32F4xx_HAL_Driver\\Src\\stm32f4xx_hal_gpio.c 0x00000000   Number         0  stm32f4xx_hal_gpio.o ABSOLUTE
    C:\\Keil_v5\\ARM\\PACK\\Keil\\STM32F4xx_DFP\\2.11.0\\Drivers\\STM32F4xx_HAL_Driver\\Src\\stm32f4xx_hal_pwr.c 0x00000000   Number         0  stm32f4xx_hal_pwr.o ABSOLUTE
    C:\\Keil_v5\\ARM\\PACK\\Keil\\STM32F4xx_DFP\\2.11.0\\Drivers\\STM32F4xx_HAL_Driver\\Src\\stm32f4xx_hal_pwr_ex.c 0x00000000   Number         0  stm32f4xx_hal_pwr_ex.o ABSOLUTE
    C:\\Keil_v5\\ARM\\PACK\\Keil\\STM32F4xx_DFP\\2.11.0\\Drivers\\STM32F4xx_HAL_Driver\\Src\\stm32f4xx_hal_rcc.c 0x00000000   Number         0  stm32f4xx_hal_rcc.o ABSOLUTE
    C:\\Keil_v5\\ARM\\PACK\\Keil\\STM32F4xx_DFP\\2.11.0\\Drivers\\STM32F4xx_HAL_Driver\\Src\\stm32f4xx_hal_rcc_ex.c 0x00000000   Number         0  stm32f4xx_hal_rcc_ex.o ABSOLUTE
    C:\\Keil_v5\\ARM\\PACK\\Keil\\STM32F4xx_DFP\\2.11.0\\MDK\\Boards\\ST\\STM32F4-Discovery\\Common\\LED_F4Discovery.c 0x00000000   Number         0  led_f4discovery.o ABSOLUTE
    HAL_CM4.c                                0x00000000   Number         0  hal_cm4.o ABSOLUTE
    HAL_CM4.c                                0x00000000   Number         0  hal_cm4.o ABSOLUTE
    RTE\CMSIS\RTX_Conf_CM.c                  0x00000000   Number         0  rtx_conf_cm.o ABSOLUTE
    RTE\Device\STM32F407VGTx\startup_stm32f407xx.s 0x00000000   Number         0  startup_stm32f407xx.o ABSOLUTE
    RTE\Device\STM32F407VGTx\system_stm32f4xx.c 0x00000000   Number         0  system_stm32f4xx.o ABSOLUTE
    RTE\\CMSIS\\RTX_Conf_CM.c                0x00000000   Number         0  rtx_conf_cm.o ABSOLUTE
    RTE\\Device\\STM32F407VGTx\\system_stm32f4xx.c 0x00000000   Number         0  system_stm32f4xx.o ABSOLUTE
    SVC_Table.s                              0x00000000   Number         0  svc_table.o ABSOLUTE
    dc.s                                     0x00000000   Number         0  dc.o ABSOLUTE
    main.c                                   0x00000000   Number         0  main.o ABSOLUTE
    main.c                                   0x00000000   Number         0  main.o ABSOLUTE
    RESET                                    0x08000000   Section      392  startup_stm32f407xx.o(RESET)
    !!!main                                  0x08000188   Section        8  __main.o(!!!main)
    !!!scatter                               0x08000190   Section       52  __scatter.o(!!!scatter)
    !!handler_copy                           0x080001c4   Section       26  __scatter_copy.o(!!handler_copy)
    !!handler_zi                             0x080001e0   Section       28  __scatter_zi.o(!!handler_zi)
    .ARM.Collect$$libinit$$00000000          0x080001fc   Section        2  libinit.o(.ARM.Collect$$libinit$$00000000)
    .ARM.Collect$$libinit$$00000001          0x080001fe   Section        4  libinit2.o(.ARM.Collect$$libinit$$00000001)
    .ARM.Collect$$libinit$$00000004          0x08000202   Section        0  libinit2.o(.ARM.Collect$$libinit$$00000004)
    .ARM.Collect$$libinit$$0000000A          0x08000202   Section        0  libinit2.o(.ARM.Collect$$libinit$$0000000A)
    .ARM.Collect$$libinit$$0000000C          0x08000202   Section        0  libinit2.o(.ARM.Collect$$libinit$$0000000C)
    .ARM.Collect$$libinit$$0000000E          0x08000202   Section        0  libinit2.o(.ARM.Collect$$libinit$$0000000E)
    .ARM.Collect$$libinit$$00000011          0x08000202   Section        0  libinit2.o(.ARM.Collect$$libinit$$00000011)
    .ARM.Collect$$libinit$$00000013          0x08000202   Section        0  libinit2.o(.ARM.Collect$$libinit$$00000013)
    .ARM.Collect$$libinit$$00000015          0x08000202   Section        0  libinit2.o(.ARM.Collect$$libinit$$00000015)
    .ARM.Collect$$libinit$$00000017          0x08000202   Section        0  libinit2.o(.ARM.Collect$$libinit$$00000017)
    .ARM.Collect$$libinit$$00000019          0x08000202   Section        0  libinit2.o(.ARM.Collect$$libinit$$00000019)
    .ARM.Collect$$libinit$$0000001B          0x08000202   Section        0  libinit2.o(.ARM.Collect$$libinit$$0000001B)
    .ARM.Collect$$libinit$$0000001D          0x08000202   Section        0  libinit2.o(.ARM.Collect$$libinit$$0000001D)
    .ARM.Collect$$libinit$$0000001F          0x08000202   Section        0  libinit2.o(.ARM.Collect$$libinit$$0000001F)
    .ARM.Collect$$libinit$$00000021          0x08000202   Section        0  libinit2.o(.ARM.Collect$$libinit$$00000021)
    .ARM.Collect$$libinit$$00000023          0x08000202   Section        0  libinit2.o(.ARM.Collect$$libinit$$00000023)
    .ARM.Collect$$libinit$$00000025          0x08000202   Section        0  libinit2.o(.ARM.Collect$$libinit$$00000025)
    .ARM.Collect$$libinit$$0000002C          0x08000202   Section        0  libinit2.o(.ARM.Collect$$libinit$$0000002C)
    .ARM.Collect$$libinit$$0000002E          0x08000202   Section        0  libinit2.o(.ARM.Collect$$libinit$$0000002E)
    .ARM.Collect$$libinit$$00000030          0x08000202   Section        0  libinit2.o(.ARM.Collect$$libinit$$00000030)
    .ARM.Collect$$libinit$$00000032          0x08000202   Section        0  libinit2.o(.ARM.Collect$$libinit$$00000032)
    .ARM.Collect$$libinit$$00000033          0x08000202   Section        2  libinit2.o(.ARM.Collect$$libinit$$00000033)
    .ARM.Collect$$libshutdown$$00000000      0x08000204   Section        2  libshutdown.o(.ARM.Collect$$libshutdown$$00000000)
    .ARM.Collect$$libshutdown$$00000002      0x08000206   Section        0  libshutdown2.o(.ARM.Collect$$libshutdown$$00000002)
    .ARM.Collect$$libshutdown$$00000004      0x08000206   Section        0  libshutdown2.o(.ARM.Collect$$libshutdown$$00000004)
    .ARM.Collect$$libshutdown$$00000007      0x08000206   Section        0  libshutdown2.o(.ARM.Collect$$libshutdown$$00000007)
    .ARM.Collect$$libshutdown$$0000000A      0x08000206   Section        0  libshutdown2.o(.ARM.Collect$$libshutdown$$0000000A)
    .ARM.Collect$$libshutdown$$0000000C      0x08000206   Section        0  libshutdown2.o(.ARM.Collect$$libshutdown$$0000000C)
    .ARM.Collect$$libshutdown$$0000000F      0x08000206   Section        0  libshutdown2.o(.ARM.Collect$$libshutdown$$0000000F)
    .ARM.Collect$$libshutdown$$00000010      0x08000206   Section        2  libshutdown2.o(.ARM.Collect$$libshutdown$$00000010)
    .ARM.Collect$$rtentry$$00000000          0x08000208   Section        0  __rtentry.o(.ARM.Collect$$rtentry$$00000000)
    .ARM.Collect$$rtentry$$00000002          0x08000208   Section        0  __rtentry2.o(.ARM.Collect$$rtentry$$00000002)
    .ARM.Collect$$rtentry$$00000004          0x08000208   Section        6  __rtentry4.o(.ARM.Collect$$rtentry$$00000004)
    .ARM.Collect$$rtentry$$00000009          0x0800020e   Section        0  __rtentry2.o(.ARM.Collect$$rtentry$$00000009)
    .ARM.Collect$$rtentry$$0000000A          0x0800020e   Section        4  __rtentry2.o(.ARM.Collect$$rtentry$$0000000A)
    .ARM.Collect$$rtentry$$0000000B          0x08000212   Section        8  __rtentry2.o(.ARM.Collect$$rtentry$$0000000B)
    .ARM.Collect$$rtentry$$0000000D          0x0800021a   Section        8  __rtentry2.o(.ARM.Collect$$rtentry$$0000000D)
    .ARM.Collect$$rtexit$$00000000           0x08000222   Section        2  rtexit.o(.ARM.Collect$$rtexit$$00000000)
    .ARM.Collect$$rtexit$$00000002           0x08000224   Section        0  rtexit2.o(.ARM.Collect$$rtexit$$00000002)
    .ARM.Collect$$rtexit$$00000003           0x08000224   Section        4  rtexit2.o(.ARM.Collect$$rtexit$$00000003)
    .ARM.Collect$$rtexit$$00000004           0x08000228   Section        6  rtexit2.o(.ARM.Collect$$rtexit$$00000004)
    .emb_text                                0x08000230   Section       28  rtx_conf_cm.o(.emb_text)
    $v0                                      0x08000230   Number         0  rtx_conf_cm.o(.emb_text)
    .emb_text                                0x0800024c   Section      408  hal_cm4.o(.emb_text)
    $v0                                      0x0800024c   Number         0  hal_cm4.o(.emb_text)
    .text                                    0x080003e4   Section       64  startup_stm32f407xx.o(.text)
    $v0                                      0x080003e4   Number         0  startup_stm32f407xx.o(.text)
    .text                                    0x08000424   Section        8  libspace.o(.text)
    .text                                    0x0800042c   Section      238  lludivv7m.o(.text)
    .text                                    0x0800051a   Section        0  exit.o(.text)
    .text                                    0x0800052c   Section        0  heapauxi.o(.text)
    .text                                    0x08000534   Section        0  sys_exit.o(.text)
    .text                                    0x08000540   Section       74  sys_stackheap_outer.o(.text)
    .text                                    0x0800058a   Section        2  use_no_semi.o(.text)
    .text                                    0x0800058c   Section        0  indicate_semi.o(.text)
    SVC_TABLE                                0x0800058c   Section        4  svc_table.o(SVC_TABLE)
    i.Child1                                 0x08000590   Section        0  main.o(i.Child1)
    i.Child2                                 0x080005b0   Section        0  main.o(i.Child2)
    i.HAL_GPIO_Init                          0x080005d0   Section        0  stm32f4xx_hal_gpio.o(i.HAL_GPIO_Init)
    i.HAL_GPIO_WritePin                      0x080007d0   Section        0  stm32f4xx_hal_gpio.o(i.HAL_GPIO_WritePin)
    i.LED_Initialize                         0x080007dc   Section        0  led_f4discovery.o(i.LED_Initialize)
    i.LED_Off                                0x08000828   Section        0  led_f4discovery.o(i.LED_Off)
    i.LED_On                                 0x08000848   Section        0  led_f4discovery.o(i.LED_On)
    i.Ptimer_callback                        0x08000868   Section        0  main.o(i.Ptimer_callback)
    Ptimer_callback                          0x08000869   Thumb Code   108  main.o(i.Ptimer_callback)
    i.SystemCoreClockUpdate                  0x080008e8   Section        0  system_stm32f4xx.o(i.SystemCoreClockUpdate)
    i.SystemInit                             0x080009a8   Section        0  system_stm32f4xx.o(i.SystemInit)
    i._init_box                              0x08000a0c   Section        0  rt_membox.o(i._init_box)
    i._mutex_acquire                         0x08000a54   Section        0  rtx_conf_cm.o(i._mutex_acquire)
    __tagsym$$used                           0x08000a55   Number         0  rtx_conf_cm.o(i._mutex_acquire)
    i._mutex_release                         0x08000a74   Section        0  rtx_conf_cm.o(i._mutex_release)
    __tagsym$$used                           0x08000a75   Number         0  rtx_conf_cm.o(i._mutex_release)
    i.dbg_init                               0x08000a90   Section        0  hal_cm.o(i.dbg_init)
    i.dbg_task_notify                        0x08000ac0   Section        0  hal_cm.o(i.dbg_task_notify)
    i.dbg_task_switch                        0x08000ae0   Section        0  hal_cm.o(i.dbg_task_switch)
    i.isrMessageGet                          0x08000af0   Section        0  rt_cmsis.o(i.isrMessageGet)
    i.isrMessagePut                          0x08000b1a   Section        0  rt_cmsis.o(i.isrMessagePut)
    i.isr_mbx_receive                        0x08000b48   Section        0  rt_mailbox.o(i.isr_mbx_receive)
    i.isr_mbx_send                           0x08000b9e   Section        0  rt_mailbox.o(i.isr_mbx_send)
    i.main                                   0x08000bac   Section        0  main.o(i.main)
    i.myDelay                                0x08000bec   Section        0  main.o(i.myDelay)
    i.osKernelInitialize                     0x08000bf8   Section        0  rt_cmsis.o(i.osKernelInitialize)
    i.osKernelStart                          0x08000c1c   Section        0  rt_cmsis.o(i.osKernelStart)
    i.osMessageGet                           0x08000c88   Section        0  rt_cmsis.o(i.osMessageGet)
    i.osThreadCreate                         0x08000ca0   Section        0  rt_cmsis.o(i.osThreadCreate)
    i.osThreadExit                           0x08000ccc   Section        0  rt_cmsis.o(i.osThreadExit)
    i.osThreadTerminate                      0x08000ce4   Section        0  rt_cmsis.o(i.osThreadTerminate)
    i.osThreadYield                          0x08000cfc   Section        0  rt_cmsis.o(i.osThreadYield)
    i.osTimerCall                            0x08000d14   Section        0  rt_cmsis.o(i.osTimerCall)
    i.osTimerCreate                          0x08000d20   Section        0  rt_cmsis.o(i.osTimerCreate)
    i.osTimerStart                           0x08000d4c   Section        0  rt_cmsis.o(i.osTimerStart)
    i.osTimerThread                          0x08000d64   Section        0  rt_cmsis.o(i.osTimerThread)
    i.os_error                               0x08000d90   Section        0  rtx_conf_cm.o(i.os_error)
    i.os_idle_demon                          0x08000db2   Section        0  rtx_conf_cm.o(i.os_idle_demon)
    i.os_tick_init                           0x08000db8   Section        0  rt_system.o(i.os_tick_init)
    i.os_tick_irqack                         0x08000de0   Section        0  rt_system.o(i.os_tick_irqack)
    i.rt_alloc_box                           0x08000de2   Section        0  rt_membox.o(i.rt_alloc_box)
    i.rt_alloc_mem                           0x08000dfc   Section        0  rt_memory.o(i.rt_alloc_mem)
    i.rt_block                               0x08000e3c   Section        0  rt_task.o(i.rt_block)
    i.rt_chk_robin                           0x08000e74   Section        0  rtx_conf_cm.o(i.rt_chk_robin)
    i.rt_dec_dly                             0x08000e78   Section        0  rt_list.o(i.rt_dec_dly)
    i.rt_dispatch                            0x08000ee8   Section        0  rt_task.o(i.rt_dispatch)
    i.rt_evt_psh                             0x08000f2c   Section        0  rt_event.o(i.rt_evt_psh)
    i.rt_free_box                            0x08000f7c   Section        0  rt_membox.o(i.rt_free_box)
    i.rt_free_mem                            0x08000fa8   Section        0  rt_memory.o(i.rt_free_mem)
    i.rt_get_first                           0x08000fd0   Section        0  rt_list.o(i.rt_get_first)
    i.rt_get_same_rdy_prio                   0x08000ff8   Section        0  rt_list.o(i.rt_get_same_rdy_prio)
    i.rt_id2obj                              0x0800101c   Section        0  rt_cmsis.o(i.rt_id2obj)
    rt_id2obj                                0x0800101d   Thumb Code     8  rt_cmsis.o(i.rt_id2obj)
    i.rt_init_context                        0x08001024   Section        0  rt_task.o(i.rt_init_context)
    rt_init_context                          0x08001025   Thumb Code    66  rt_task.o(i.rt_init_context)
    i.rt_init_mem                            0x0800106c   Section        0  rt_memory.o(i.rt_init_mem)
    i.rt_init_robin                          0x08001086   Section        0  rtx_conf_cm.o(i.rt_init_robin)
    i.rt_init_stack                          0x08001088   Section        0  hal_cm.o(i.rt_init_stack)
    i.rt_mbx_check                           0x08001108   Section        0  rt_mailbox.o(i.rt_mbx_check)
    i.rt_mbx_init                            0x08001110   Section        0  rt_mailbox.o(i.rt_mbx_init)
    i.rt_mbx_psh                             0x0800112c   Section        0  rt_mailbox.o(i.rt_mbx_psh)
    i.rt_mbx_wait                            0x0800121c   Section        0  rt_mailbox.o(i.rt_mbx_wait)
    i.rt_ms2tick                             0x080012d0   Section        0  rt_cmsis.o(i.rt_ms2tick)
    rt_ms2tick                               0x080012d1   Thumb Code    58  rt_cmsis.o(i.rt_ms2tick)
    i.rt_mut_release                         0x08001314   Section        0  rt_mutex.o(i.rt_mut_release)
    i.rt_mut_wait                            0x080013ec   Section        0  rt_mutex.o(i.rt_mut_wait)
    i.rt_pop_req                             0x08001464   Section        0  rt_system.o(i.rt_pop_req)
    i.rt_psh_req                             0x080014e0   Section        0  rt_system.o(i.rt_psh_req)
    i.rt_psq_enq                             0x08001500   Section        0  rt_list.o(i.rt_psq_enq)
    i.rt_put_dly                             0x0800155c   Section        0  rt_list.o(i.rt_put_dly)
    i.rt_put_prio                            0x080015a4   Section        0  rt_list.o(i.rt_put_prio)
    i.rt_put_rdy_first                       0x080015dc   Section        0  rt_list.o(i.rt_put_rdy_first)
    i.rt_resort_prio                         0x080015f0   Section        0  rt_list.o(i.rt_resort_prio)
    i.rt_ret_regs                            0x08001624   Section        0  hal_cm.o(i.rt_ret_regs)
    rt_ret_regs                              0x08001625   Thumb Code    16  hal_cm.o(i.rt_ret_regs)
    i.rt_ret_val                             0x08001634   Section        0  hal_cm.o(i.rt_ret_val)
    i.rt_ret_val2                            0x08001640   Section        0  hal_cm.o(i.rt_ret_val2)
    i.rt_rmv_dly                             0x08001650   Section        0  rt_list.o(i.rt_rmv_dly)
    i.rt_rmv_list                            0x08001678   Section        0  rt_list.o(i.rt_rmv_list)
    i.rt_sem_psh                             0x080016a8   Section        0  rt_semaphore.o(i.rt_sem_psh)
    i.rt_stk_check                           0x080016dc   Section        0  rt_system.o(i.rt_stk_check)
    i.rt_switch_req                          0x08001700   Section        0  rt_task.o(i.rt_switch_req)
    i.rt_sys_init                            0x08001728   Section        0  rt_task.o(i.rt_sys_init)
    i.rt_sys_start                           0x080017f4   Section        0  rt_task.o(i.rt_sys_start)
    i.rt_systick                             0x0800186c   Section        0  rt_system.o(i.rt_systick)
    i.rt_tid2ptcb                            0x080018ac   Section        0  rt_cmsis.o(i.rt_tid2ptcb)
    rt_tid2ptcb                              0x080018ad   Thumb Code    18  rt_cmsis.o(i.rt_tid2ptcb)
    i.rt_timer_insert                        0x080018c0   Section        0  rt_cmsis.o(i.rt_timer_insert)
    rt_timer_insert                          0x080018c1   Thumb Code    48  rt_cmsis.o(i.rt_timer_insert)
    i.rt_timer_remove                        0x080018f4   Section        0  rt_cmsis.o(i.rt_timer_remove)
    rt_timer_remove                          0x080018f5   Thumb Code    56  rt_cmsis.o(i.rt_timer_remove)
    i.rt_tsk_create                          0x08001930   Section        0  rt_task.o(i.rt_tsk_create)
    i.rt_tsk_delete                          0x080019b8   Section        0  rt_task.o(i.rt_tsk_delete)
    i.rt_tsk_pass                            0x08001b34   Section        0  rt_task.o(i.rt_tsk_pass)
    i.rt_tsk_prio                            0x08001b64   Section        0  rt_task.o(i.rt_tsk_prio)
    i.rt_tsk_self                            0x08001be0   Section        0  rt_task.o(i.rt_tsk_self)
    i.svcKernelInitialize                    0x08001bf0   Section        0  rt_cmsis.o(i.svcKernelInitialize)
    i.svcKernelStart                         0x08001c60   Section        0  rt_cmsis.o(i.svcKernelStart)
    i.svcMessageCreate                       0x08001ca8   Section        0  rt_cmsis.o(i.svcMessageCreate)
    i.svcMessageGet                          0x08001ccc   Section        0  rt_cmsis.o(i.svcMessageGet)
    i.svcThreadCreate                        0x08001d08   Section        0  rt_cmsis.o(i.svcThreadCreate)
    i.svcThreadGetId                         0x08001d74   Section        0  rt_cmsis.o(i.svcThreadGetId)
    i.svcThreadTerminate                     0x08001d90   Section        0  rt_cmsis.o(i.svcThreadTerminate)
    i.svcThreadYield                         0x08001dc8   Section        0  rt_cmsis.o(i.svcThreadYield)
    i.svcTimerCall                           0x08001dd2   Section        0  rt_cmsis.o(i.svcTimerCall)
    i.svcTimerCreate                         0x08001dec   Section        0  rt_cmsis.o(i.svcTimerCreate)
    i.svcTimerStart                          0x08001e24   Section        0  rt_cmsis.o(i.svcTimerStart)
    i.sysTimerTick                           0x08001e88   Section        0  rt_cmsis.o(i.sysTimerTick)
    x$fpl$fpinit                             0x08001ee4   Section       10  fpinit.o(x$fpl$fpinit)
    $v0                                      0x08001ee4   Number         0  fpinit.o(x$fpl$fpinit)
    .constdata                               0x08001ef0   Section       40  main.o(.constdata)
    .constdata                               0x08001f18   Section       32  led_f4discovery.o(.constdata)
    LED_PIN                                  0x08001f18   Data          32  led_f4discovery.o(.constdata)
    .constdata                               0x08001f38   Section      104  rtx_conf_cm.o(.constdata)
    __tagsym$$used                           0x08001f54   Number         0  rtx_conf_cm.o(.constdata)
    __tagsym$$used                           0x08001f58   Number         0  rtx_conf_cm.o(.constdata)
    __tagsym$$used                           0x08001f5c   Number         0  rtx_conf_cm.o(.constdata)
    __tagsym$$used                           0x08001f60   Number         0  rtx_conf_cm.o(.constdata)
    .constdata                               0x08001fa0   Section       24  eventrecorder.o(.constdata)
    __tagsym$$used                           0x08001fa0   Number         0  eventrecorder.o(.constdata)
    .constdata                               0x08001fb8   Section       24  system_stm32f4xx.o(.constdata)
    .data                                    0x20000000   Section       20  main.o(.data)
    parg                                     0x20000000   Data           4  main.o(.data)
    Ptimer                                   0x20000004   Data           4  main.o(.data)
    .data                                    0x20000014   Section       20  rtx_conf_cm.o(.data)
    nr_mutex                                 0x20000024   Data           4  rtx_conf_cm.o(.data)
    .data                                    0x20000028   Section        4  system_stm32f4xx.o(.data)
    .data                                    0x2000002c   Section        8  rt_cmsis.o(.data)
    .data                                    0x20000034   Section        8  rt_task.o(.data)
    .data                                    0x2000003c   Section        8  rt_system.o(.data)
    os_lock                                  0x2000003c   Data           1  rt_system.o(.data)
    os_psh_flag                              0x2000003d   Data           1  rt_system.o(.data)
    pend_flags                               0x2000003e   Data           1  rt_system.o(.data)
    .data                                    0x20000044   Section        4  rt_time.o(.data)
    .data                                    0x20000048   Section        1  hal_cm.o(.data)
    .bss                                     0x2000004c   Section       24  main.o(.bss)
    os_timer_cb_Pt                           0x2000004c   Data          24  main.o(.bss)
    .bss                                     0x20000068   Section     3016  rtx_conf_cm.o(.bss)
    std_libspace                             0x20000910   Data         672  rtx_conf_cm.o(.bss)
    std_libmutex                             0x20000bb0   Data         128  rtx_conf_cm.o(.bss)
    .bss                                     0x20000c30   Section       52  rt_task.o(.bss)
    .bss                                     0x20000c64   Section       48  rt_list.o(.bss)
    .bss                                     0x20000c94   Section       96  libspace.o(.bss)
    .noinit                                  0x20000d00   Section     1188  eventrecorder.o(.noinit)
    EventBuffer                              0x20000d00   Data        1024  eventrecorder.o(.noinit)
    EventFilter                              0x20001100   Data         128  eventrecorder.o(.noinit)
    EventStatus                              0x20001180   Data          36  eventrecorder.o(.noinit)
    HEAP                                     0x200011a8   Section      512  startup_stm32f407xx.o(HEAP)
    Heap_Mem                                 0x200011a8   Data         512  startup_stm32f407xx.o(HEAP)
    STACK                                    0x200013a8   Section     1024  startup_stm32f407xx.o(STACK)
    Stack_Mem                                0x200013a8   Data        1024  startup_stm32f407xx.o(STACK)
    __initial_sp                             0x200017a8   Data           0  startup_stm32f407xx.o(STACK)

    Global Symbols

    Symbol Name                              Value     Ov Type        Size  Object(Section)

    BuildAttributes$$THM_ISAv4$E$P$D$K$B$S$7EM$VFPi3$EXTD16$VFPS$VFMA$PE$A:L22UL41UL21$X:L11$S22US41US21$IEEE1$IW$USESV6$~STKCKD$USESV7$~SHL$OSPACE$ROPI$EBA8$UX$STANDARDLIB$REQ8$PRES8$EABIv2 0x00000000   Number         0  anon$$obj.o ABSOLUTE
    __ARM_use_no_argv                        0x00000000   Number         0  main.o ABSOLUTE
    __ARM_exceptions_init                     - Undefined Weak Reference
    __alloca_initialize                       - Undefined Weak Reference
    __arm_preinit_                            - Undefined Weak Reference
    __cpp_initialize__aeabi_                  - Undefined Weak Reference
    __cxa_finalize                            - Undefined Weak Reference
    __rt_locale                               - Undefined Weak Reference
    __sigvec_lookup                           - Undefined Weak Reference
    _atexit_init                              - Undefined Weak Reference
    _call_atexit_fns                          - Undefined Weak Reference
    _clock_init                               - Undefined Weak Reference
    _fp_trap_init                             - Undefined Weak Reference
    _fp_trap_shutdown                         - Undefined Weak Reference
    _get_lc_collate                           - Undefined Weak Reference
    _get_lc_ctype                             - Undefined Weak Reference
    _get_lc_monetary                          - Undefined Weak Reference
    _get_lc_numeric                           - Undefined Weak Reference
    _get_lc_time                              - Undefined Weak Reference
    _getenv_init                              - Undefined Weak Reference
    _handle_redirection                       - Undefined Weak Reference
    _init_alloc                               - Undefined Weak Reference
    _init_user_alloc                          - Undefined Weak Reference
    _initio                                   - Undefined Weak Reference
    _rand_init                                - Undefined Weak Reference
    _signal_finish                            - Undefined Weak Reference
    _signal_init                              - Undefined Weak Reference
    _terminate_alloc                          - Undefined Weak Reference
    _terminate_user_alloc                     - Undefined Weak Reference
    _terminateio                              - Undefined Weak Reference
    __Vectors_Size                           0x00000188   Number         0  startup_stm32f407xx.o ABSOLUTE
    __RL_RTX_VER                             0x00000482   Number         0  rt_system.o ABSOLUTE
    __Vectors                                0x08000000   Data           4  startup_stm32f407xx.o(RESET)
    __Vectors_End                            0x08000188   Data           0  startup_stm32f407xx.o(RESET)
    __main                                   0x08000189   Thumb Code     8  __main.o(!!!main)
    __scatterload                            0x08000191   Thumb Code     0  __scatter.o(!!!scatter)
    __scatterload_rt2                        0x08000191   Thumb Code    44  __scatter.o(!!!scatter)
    __scatterload_rt2_thumb_only             0x08000191   Thumb Code     0  __scatter.o(!!!scatter)
    __scatterload_null                       0x0800019f   Thumb Code     0  __scatter.o(!!!scatter)
    __scatterload_copy                       0x080001c5   Thumb Code    26  __scatter_copy.o(!!handler_copy)
    __scatterload_zeroinit                   0x080001e1   Thumb Code    28  __scatter_zi.o(!!handler_zi)
    __rt_lib_init                            0x080001fd   Thumb Code     0  libinit.o(.ARM.Collect$$libinit$$00000000)
    __rt_lib_init_fp_1                       0x080001ff   Thumb Code     0  libinit2.o(.ARM.Collect$$libinit$$00000001)
    __rt_lib_init_alloca_1                   0x08000203   Thumb Code     0  libinit2.o(.ARM.Collect$$libinit$$0000002E)
    __rt_lib_init_argv_1                     0x08000203   Thumb Code     0  libinit2.o(.ARM.Collect$$libinit$$0000002C)
    __rt_lib_init_atexit_1                   0x08000203   Thumb Code     0  libinit2.o(.ARM.Collect$$libinit$$0000001B)
    __rt_lib_init_clock_1                    0x08000203   Thumb Code     0  libinit2.o(.ARM.Collect$$libinit$$00000021)
    __rt_lib_init_cpp_1                      0x08000203   Thumb Code     0  libinit2.o(.ARM.Collect$$libinit$$00000032)
    __rt_lib_init_exceptions_1               0x08000203   Thumb Code     0  libinit2.o(.ARM.Collect$$libinit$$00000030)
    __rt_lib_init_fp_trap_1                  0x08000203   Thumb Code     0  libinit2.o(.ARM.Collect$$libinit$$0000001F)
    __rt_lib_init_getenv_1                   0x08000203   Thumb Code     0  libinit2.o(.ARM.Collect$$libinit$$00000023)
    __rt_lib_init_heap_1                     0x08000203   Thumb Code     0  libinit2.o(.ARM.Collect$$libinit$$0000000A)
    __rt_lib_init_lc_collate_1               0x08000203   Thumb Code     0  libinit2.o(.ARM.Collect$$libinit$$00000011)
    __rt_lib_init_lc_ctype_1                 0x08000203   Thumb Code     0  libinit2.o(.ARM.Collect$$libinit$$00000013)
    __rt_lib_init_lc_monetary_1              0x08000203   Thumb Code     0  libinit2.o(.ARM.Collect$$libinit$$00000015)
    __rt_lib_init_lc_numeric_1               0x08000203   Thumb Code     0  libinit2.o(.ARM.Collect$$libinit$$00000017)
    __rt_lib_init_lc_time_1                  0x08000203   Thumb Code     0  libinit2.o(.ARM.Collect$$libinit$$00000019)
    __rt_lib_init_preinit_1                  0x08000203   Thumb Code     0  libinit2.o(.ARM.Collect$$libinit$$00000004)
    __rt_lib_init_rand_1                     0x08000203   Thumb Code     0  libinit2.o(.ARM.Collect$$libinit$$0000000E)
    __rt_lib_init_return                     0x08000203   Thumb Code     0  libinit2.o(.ARM.Collect$$libinit$$00000033)
    __rt_lib_init_signal_1                   0x08000203   Thumb Code     0  libinit2.o(.ARM.Collect$$libinit$$0000001D)
    __rt_lib_init_stdio_1                    0x08000203   Thumb Code     0  libinit2.o(.ARM.Collect$$libinit$$00000025)
    __rt_lib_init_user_alloc_1               0x08000203   Thumb Code     0  libinit2.o(.ARM.Collect$$libinit$$0000000C)
    __rt_lib_shutdown                        0x08000205   Thumb Code     0  libshutdown.o(.ARM.Collect$$libshutdown$$00000000)
    __rt_lib_shutdown_cpp_1                  0x08000207   Thumb Code     0  libshutdown2.o(.ARM.Collect$$libshutdown$$00000002)
    __rt_lib_shutdown_fp_trap_1              0x08000207   Thumb Code     0  libshutdown2.o(.ARM.Collect$$libshutdown$$00000007)
    __rt_lib_shutdown_heap_1                 0x08000207   Thumb Code     0  libshutdown2.o(.ARM.Collect$$libshutdown$$0000000F)
    __rt_lib_shutdown_return                 0x08000207   Thumb Code     0  libshutdown2.o(.ARM.Collect$$libshutdown$$00000010)
    __rt_lib_shutdown_signal_1               0x08000207   Thumb Code     0  libshutdown2.o(.ARM.Collect$$libshutdown$$0000000A)
    __rt_lib_shutdown_stdio_1                0x08000207   Thumb Code     0  libshutdown2.o(.ARM.Collect$$libshutdown$$00000004)
    __rt_lib_shutdown_user_alloc_1           0x08000207   Thumb Code     0  libshutdown2.o(.ARM.Collect$$libshutdown$$0000000C)
    __rt_entry                               0x08000209   Thumb Code     0  __rtentry.o(.ARM.Collect$$rtentry$$00000000)
    __rt_entry_presh_1                       0x08000209   Thumb Code     0  __rtentry2.o(.ARM.Collect$$rtentry$$00000002)
    __rt_entry_sh                            0x08000209   Thumb Code     0  __rtentry4.o(.ARM.Collect$$rtentry$$00000004)
    __rt_entry_li                            0x0800020f   Thumb Code     0  __rtentry2.o(.ARM.Collect$$rtentry$$0000000A)
    __rt_entry_postsh_1                      0x0800020f   Thumb Code     0  __rtentry2.o(.ARM.Collect$$rtentry$$00000009)
    __rt_entry_postli_1                      0x08000213   Thumb Code     0  __rtentry2.o(.ARM.Collect$$rtentry$$0000000B)
    __rt_entry_main                          0x0800021b   Thumb Code     0  __rtentry2.o(.ARM.Collect$$rtentry$$0000000D)
    __rt_exit                                0x08000223   Thumb Code     0  rtexit.o(.ARM.Collect$$rtexit$$00000000)
    __rt_exit_ls                             0x08000225   Thumb Code     0  rtexit2.o(.ARM.Collect$$rtexit$$00000003)
    __rt_exit_prels_1                        0x08000225   Thumb Code     0  rtexit2.o(.ARM.Collect$$rtexit$$00000002)
    __rt_exit_exit                           0x08000229   Thumb Code     0  rtexit2.o(.ARM.Collect$$rtexit$$00000004)
    _platform_post_lib_init                  0x08000231   Thumb Code    24  rtx_conf_cm.o(.emb_text)
    rt_set_PSP                               0x0800024d   Thumb Code     6  hal_cm4.o(.emb_text)
    rt_get_PSP                               0x08000253   Thumb Code     6  hal_cm4.o(.emb_text)
    os_set_env                               0x08000259   Thumb Code    24  hal_cm4.o(.emb_text)
    _alloc_box                               0x08000275   Thumb Code    28  hal_cm4.o(.emb_text)
    _free_box                                0x08000295   Thumb Code    28  hal_cm4.o(.emb_text)
    SVC_Handler                              0x080002b5   Thumb Code   168  hal_cm4.o(.emb_text)
    PendSV_Handler                           0x0800036d   Thumb Code    96  hal_cm4.o(.emb_text)
    SysTick_Handler                          0x080003d1   Thumb Code     8  hal_cm4.o(.emb_text)
    OS_Tick_Handler                          0x080003d9   Thumb Code    12  hal_cm4.o(.emb_text)
    Reset_Handler                            0x080003e5   Thumb Code     8  startup_stm32f407xx.o(.text)
    NMI_Handler                              0x080003ed   Thumb Code     2  startup_stm32f407xx.o(.text)
    HardFault_Handler                        0x080003ef   Thumb Code     2  startup_stm32f407xx.o(.text)
    MemManage_Handler                        0x080003f1   Thumb Code     2  startup_stm32f407xx.o(.text)
    BusFault_Handler                         0x080003f3   Thumb Code     2  startup_stm32f407xx.o(.text)
    UsageFault_Handler                       0x080003f5   Thumb Code     2  startup_stm32f407xx.o(.text)
    DebugMon_Handler                         0x080003f9   Thumb Code     2  startup_stm32f407xx.o(.text)
    ADC_IRQHandler                           0x080003ff   Thumb Code     0  startup_stm32f407xx.o(.text)
    CAN1_RX0_IRQHandler                      0x080003ff   Thumb Code     0  startup_stm32f407xx.o(.text)
    CAN1_RX1_IRQHandler                      0x080003ff   Thumb Code     0  startup_stm32f407xx.o(.text)
    CAN1_SCE_IRQHandler                      0x080003ff   Thumb Code     0  startup_stm32f407xx.o(.text)
    CAN1_TX_IRQHandler                       0x080003ff   Thumb Code     0  startup_stm32f407xx.o(.text)
    CAN2_RX0_IRQHandler                      0x080003ff   Thumb Code     0  startup_stm32f407xx.o(.text)
    CAN2_RX1_IRQHandler                      0x080003ff   Thumb Code     0  startup_stm32f407xx.o(.text)
    CAN2_SCE_IRQHandler                      0x080003ff   Thumb Code     0  startup_stm32f407xx.o(.text)
    CAN2_TX_IRQHandler                       0x080003ff   Thumb Code     0  startup_stm32f407xx.o(.text)
    DCMI_IRQHandler                          0x080003ff   Thumb Code     0  startup_stm32f407xx.o(.text)
    DMA1_Stream0_IRQHandler                  0x080003ff   Thumb Code     0  startup_stm32f407xx.o(.text)
    DMA1_Stream1_IRQHandler                  0x080003ff   Thumb Code     0  startup_stm32f407xx.o(.text)
    DMA1_Stream2_IRQHandler                  0x080003ff   Thumb Code     0  startup_stm32f407xx.o(.text)
    DMA1_Stream3_IRQHandler                  0x080003ff   Thumb Code     0  startup_stm32f407xx.o(.text)
    DMA1_Stream4_IRQHandler                  0x080003ff   Thumb Code     0  startup_stm32f407xx.o(.text)
    DMA1_Stream5_IRQHandler                  0x080003ff   Thumb Code     0  startup_stm32f407xx.o(.text)
    DMA1_Stream6_IRQHandler                  0x080003ff   Thumb Code     0  startup_stm32f407xx.o(.text)
    DMA1_Stream7_IRQHandler                  0x080003ff   Thumb Code     0  startup_stm32f407xx.o(.text)
    DMA2_Stream0_IRQHandler                  0x080003ff   Thumb Code     0  startup_stm32f407xx.o(.text)
    DMA2_Stream1_IRQHandler                  0x080003ff   Thumb Code     0  startup_stm32f407xx.o(.text)
    DMA2_Stream2_IRQHandler                  0x080003ff   Thumb Code     0  startup_stm32f407xx.o(.text)
    DMA2_Stream3_IRQHandler                  0x080003ff   Thumb Code     0  startup_stm32f407xx.o(.text)
    DMA2_Stream4_IRQHandler                  0x080003ff   Thumb Code     0  startup_stm32f407xx.o(.text)
    DMA2_Stream5_IRQHandler                  0x080003ff   Thumb Code     0  startup_stm32f407xx.o(.text)
    DMA2_Stream6_IRQHandler                  0x080003ff   Thumb Code     0  startup_stm32f407xx.o(.text)
    DMA2_Stream7_IRQHandler                  0x080003ff   Thumb Code     0  startup_stm32f407xx.o(.text)
    ETH_IRQHandler                           0x080003ff   Thumb Code     0  startup_stm32f407xx.o(.text)
    ETH_WKUP_IRQHandler                      0x080003ff   Thumb Code     0  startup_stm32f407xx.o(.text)
    EXTI0_IRQHandler                         0x080003ff   Thumb Code     0  startup_stm32f407xx.o(.text)
    EXTI15_10_IRQHandler                     0x080003ff   Thumb Code     0  startup_stm32f407xx.o(.text)
    EXTI1_IRQHandler                         0x080003ff   Thumb Code     0  startup_stm32f407xx.o(.text)
    EXTI2_IRQHandler                         0x080003ff   Thumb Code     0  startup_stm32f407xx.o(.text)
    EXTI3_IRQHandler                         0x080003ff   Thumb Code     0  startup_stm32f407xx.o(.text)
    EXTI4_IRQHandler                         0x080003ff   Thumb Code     0  startup_stm32f407xx.o(.text)
    EXTI9_5_IRQHandler                       0x080003ff   Thumb Code     0  startup_stm32f407xx.o(.text)
    FLASH_IRQHandler                         0x080003ff   Thumb Code     0  startup_stm32f407xx.o(.text)
    FMC_IRQHandler                           0x080003ff   Thumb Code     0  startup_stm32f407xx.o(.text)
    FPU_IRQHandler                           0x080003ff   Thumb Code     0  startup_stm32f407xx.o(.text)
    HASH_RNG_IRQHandler                      0x080003ff   Thumb Code     0  startup_stm32f407xx.o(.text)
    I2C1_ER_IRQHandler                       0x080003ff   Thumb Code     0  startup_stm32f407xx.o(.text)
    I2C1_EV_IRQHandler                       0x080003ff   Thumb Code     0  startup_stm32f407xx.o(.text)
    I2C2_ER_IRQHandler                       0x080003ff   Thumb Code     0  startup_stm32f407xx.o(.text)
    I2C2_EV_IRQHandler                       0x080003ff   Thumb Code     0  startup_stm32f407xx.o(.text)
    I2C3_ER_IRQHandler                       0x080003ff   Thumb Code     0  startup_stm32f407xx.o(.text)
    I2C3_EV_IRQHandler                       0x080003ff   Thumb Code     0  startup_stm32f407xx.o(.text)
    OTG_FS_IRQHandler                        0x080003ff   Thumb Code     0  startup_stm32f407xx.o(.text)
    OTG_FS_WKUP_IRQHandler                   0x080003ff   Thumb Code     0  startup_stm32f407xx.o(.text)
    OTG_HS_EP1_IN_IRQHandler                 0x080003ff   Thumb Code     0  startup_stm32f407xx.o(.text)
    OTG_HS_EP1_OUT_IRQHandler                0x080003ff   Thumb Code     0  startup_stm32f407xx.o(.text)
    OTG_HS_IRQHandler                        0x080003ff   Thumb Code     0  startup_stm32f407xx.o(.text)
    OTG_HS_WKUP_IRQHandler                   0x080003ff   Thumb Code     0  startup_stm32f407xx.o(.text)
    PVD_IRQHandler                           0x080003ff   Thumb Code     0  startup_stm32f407xx.o(.text)
    RCC_IRQHandler                           0x080003ff   Thumb Code     0  startup_stm32f407xx.o(.text)
    RTC_Alarm_IRQHandler                     0x080003ff   Thumb Code     0  startup_stm32f407xx.o(.text)
    RTC_WKUP_IRQHandler                      0x080003ff   Thumb Code     0  startup_stm32f407xx.o(.text)
    SDIO_IRQHandler                          0x080003ff   Thumb Code     0  startup_stm32f407xx.o(.text)
    SPI1_IRQHandler                          0x080003ff   Thumb Code     0  startup_stm32f407xx.o(.text)
    SPI2_IRQHandler                          0x080003ff   Thumb Code     0  startup_stm32f407xx.o(.text)
    SPI3_IRQHandler                          0x080003ff   Thumb Code     0  startup_stm32f407xx.o(.text)
    TAMP_STAMP_IRQHandler                    0x080003ff   Thumb Code     0  startup_stm32f407xx.o(.text)
    TIM1_BRK_TIM9_IRQHandler                 0x080003ff   Thumb Code     0  startup_stm32f407xx.o(.text)
    TIM1_CC_IRQHandler                       0x080003ff   Thumb Code     0  startup_stm32f407xx.o(.text)
    TIM1_TRG_COM_TIM11_IRQHandler            0x080003ff   Thumb Code     0  startup_stm32f407xx.o(.text)
    TIM1_UP_TIM10_IRQHandler                 0x080003ff   Thumb Code     0  startup_stm32f407xx.o(.text)
    TIM2_IRQHandler                          0x080003ff   Thumb Code     0  startup_stm32f407xx.o(.text)
    TIM3_IRQHandler                          0x080003ff   Thumb Code     0  startup_stm32f407xx.o(.text)
    TIM4_IRQHandler                          0x080003ff   Thumb Code     0  startup_stm32f407xx.o(.text)
    TIM5_IRQHandler                          0x080003ff   Thumb Code     0  startup_stm32f407xx.o(.text)
    TIM6_DAC_IRQHandler                      0x080003ff   Thumb Code     0  startup_stm32f407xx.o(.text)
    TIM7_IRQHandler                          0x080003ff   Thumb Code     0  startup_stm32f407xx.o(.text)
    TIM8_BRK_TIM12_IRQHandler                0x080003ff   Thumb Code     0  startup_stm32f407xx.o(.text)
    TIM8_CC_IRQHandler                       0x080003ff   Thumb Code     0  startup_stm32f407xx.o(.text)
    TIM8_TRG_COM_TIM14_IRQHandler            0x080003ff   Thumb Code     0  startup_stm32f407xx.o(.text)
    TIM8_UP_TIM13_IRQHandler                 0x080003ff   Thumb Code     0  startup_stm32f407xx.o(.text)
    UART4_IRQHandler                         0x080003ff   Thumb Code     0  startup_stm32f407xx.o(.text)
    UART5_IRQHandler                         0x080003ff   Thumb Code     0  startup_stm32f407xx.o(.text)
    USART1_IRQHandler                        0x080003ff   Thumb Code     0  startup_stm32f407xx.o(.text)
    USART2_IRQHandler                        0x080003ff   Thumb Code     0  startup_stm32f407xx.o(.text)
    USART3_IRQHandler                        0x080003ff   Thumb Code     0  startup_stm32f407xx.o(.text)
    USART6_IRQHandler                        0x080003ff   Thumb Code     0  startup_stm32f407xx.o(.text)
    WWDG_IRQHandler                          0x080003ff   Thumb Code     0  startup_stm32f407xx.o(.text)
    __user_initial_stackheap                 0x08000401   Thumb Code     0  startup_stm32f407xx.o(.text)
    __user_libspace                          0x08000425   Thumb Code     8  libspace.o(.text)
    __user_perproc_libspace                  0x08000425   Thumb Code     0  libspace.o(.text)
    __aeabi_uldivmod                         0x0800042d   Thumb Code     0  lludivv7m.o(.text)
    _ll_udiv                                 0x0800042d   Thumb Code   238  lludivv7m.o(.text)
    exit                                     0x0800051b   Thumb Code    18  exit.o(.text)
    __use_two_region_memory                  0x0800052d   Thumb Code     2  heapauxi.o(.text)
    __rt_heap_escrow$2region                 0x0800052f   Thumb Code     2  heapauxi.o(.text)
    __rt_heap_expand$2region                 0x08000531   Thumb Code     2  heapauxi.o(.text)
    _sys_exit                                0x08000535   Thumb Code     8  sys_exit.o(.text)
    __user_setup_stackheap                   0x08000541   Thumb Code    74  sys_stackheap_outer.o(.text)
    __I$use$semihosting                      0x0800058b   Thumb Code     0  use_no_semi.o(.text)
    __use_no_semihosting_swi                 0x0800058b   Thumb Code     2  use_no_semi.o(.text)
    SVC_Count                                0x0800058c   Data           4  svc_table.o(SVC_TABLE)
    __semihosting_library_function           0x0800058d   Thumb Code     0  indicate_semi.o(.text)
    Child1                                   0x08000591   Thumb Code    28  main.o(i.Child1)
    SVC_Table                                0x08000590   Data           0  svc_table.o(SVC_TABLE)
    Child2                                   0x080005b1   Thumb Code    28  main.o(i.Child2)
    HAL_GPIO_Init                            0x080005d1   Thumb Code   466  stm32f4xx_hal_gpio.o(i.HAL_GPIO_Init)
    HAL_GPIO_WritePin                        0x080007d1   Thumb Code    12  stm32f4xx_hal_gpio.o(i.HAL_GPIO_WritePin)
    LED_Initialize                           0x080007dd   Thumb Code    68  led_f4discovery.o(i.LED_Initialize)
    LED_Off                                  0x08000829   Thumb Code    28  led_f4discovery.o(i.LED_Off)
    LED_On                                   0x08000849   Thumb Code    28  led_f4discovery.o(i.LED_On)
    SystemCoreClockUpdate                    0x080008e9   Thumb Code   170  system_stm32f4xx.o(i.SystemCoreClockUpdate)
    SystemInit                               0x080009a9   Thumb Code    82  system_stm32f4xx.o(i.SystemInit)
    _init_box                                0x08000a0d   Thumb Code    70  rt_membox.o(i._init_box)
    _mutex_acquire                           0x08000a55   Thumb Code    22  rtx_conf_cm.o(i._mutex_acquire)
    _mutex_release                           0x08000a75   Thumb Code    18  rtx_conf_cm.o(i._mutex_release)
    dbg_init                                 0x08000a91   Thumb Code    34  hal_cm.o(i.dbg_init)
    dbg_task_notify                          0x08000ac1   Thumb Code    32  hal_cm.o(i.dbg_task_notify)
    dbg_task_switch                          0x08000ae1   Thumb Code    16  hal_cm.o(i.dbg_task_switch)
    isrMessageGet                            0x08000af1   Thumb Code    42  rt_cmsis.o(i.isrMessageGet)
    isrMessagePut                            0x08000b1b   Thumb Code    44  rt_cmsis.o(i.isrMessagePut)
    isr_mbx_receive                          0x08000b49   Thumb Code    86  rt_mailbox.o(i.isr_mbx_receive)
    isr_mbx_send                             0x08000b9f   Thumb Code    14  rt_mailbox.o(i.isr_mbx_send)
    main                                     0x08000bad   Thumb Code    50  main.o(i.main)
    myDelay                                  0x08000bed   Thumb Code    12  main.o(i.myDelay)
    osKernelInitialize                       0x08000bf9   Thumb Code    30  rt_cmsis.o(i.osKernelInitialize)
    osKernelStart                            0x08000c1d   Thumb Code    98  rt_cmsis.o(i.osKernelStart)
    osMessageGet                             0x08000c89   Thumb Code    18  rt_cmsis.o(i.osMessageGet)
    osThreadCreate                           0x08000ca1   Thumb Code    36  rt_cmsis.o(i.osThreadCreate)
    osThreadExit                             0x08000ccd   Thumb Code    14  rt_cmsis.o(i.osThreadExit)
    osThreadTerminate                        0x08000ce5   Thumb Code    18  rt_cmsis.o(i.osThreadTerminate)
    osThreadYield                            0x08000cfd   Thumb Code    18  rt_cmsis.o(i.osThreadYield)
    osTimerCall                              0x08000d15   Thumb Code     8  rt_cmsis.o(i.osTimerCall)
    osTimerCreate                            0x08000d21   Thumb Code    36  rt_cmsis.o(i.osTimerCreate)
    osTimerStart                             0x08000d4d   Thumb Code    18  rt_cmsis.o(i.osTimerStart)
    osTimerThread                            0x08000d65   Thumb Code    38  rt_cmsis.o(i.osTimerThread)
    os_error                                 0x08000d91   Thumb Code    34  rtx_conf_cm.o(i.os_error)
    os_idle_demon                            0x08000db3   Thumb Code     4  rtx_conf_cm.o(i.os_idle_demon)
    os_tick_init                             0x08000db9   Thumb Code    32  rt_system.o(i.os_tick_init)
    os_tick_irqack                           0x08000de1   Thumb Code     2  rt_system.o(i.os_tick_irqack)
    rt_alloc_box                             0x08000de3   Thumb Code    26  rt_membox.o(i.rt_alloc_box)
    rt_alloc_mem                             0x08000dfd   Thumb Code    62  rt_memory.o(i.rt_alloc_mem)
    rt_block                                 0x08000e3d   Thumb Code    48  rt_task.o(i.rt_block)
    rt_chk_robin                             0x08000e75   Thumb Code     2  rtx_conf_cm.o(i.rt_chk_robin)
    rt_dec_dly                               0x08000e79   Thumb Code   102  rt_list.o(i.rt_dec_dly)
    rt_dispatch                              0x08000ee9   Thumb Code    60  rt_task.o(i.rt_dispatch)
    rt_evt_psh                               0x08000f2d   Thumb Code    76  rt_event.o(i.rt_evt_psh)
    rt_free_box                              0x08000f7d   Thumb Code    44  rt_membox.o(i.rt_free_box)
    rt_free_mem                              0x08000fa9   Thumb Code    40  rt_memory.o(i.rt_free_mem)
    rt_get_first                             0x08000fd1   Thumb Code    40  rt_list.o(i.rt_get_first)
    rt_get_same_rdy_prio                     0x08000ff9   Thumb Code    26  rt_list.o(i.rt_get_same_rdy_prio)
    rt_init_mem                              0x0800106d   Thumb Code    26  rt_memory.o(i.rt_init_mem)
    rt_init_robin                            0x08001087   Thumb Code     2  rtx_conf_cm.o(i.rt_init_robin)
    rt_init_stack                            0x08001089   Thumb Code   118  hal_cm.o(i.rt_init_stack)
    rt_mbx_check                             0x08001109   Thumb Code     8  rt_mailbox.o(i.rt_mbx_check)
    rt_mbx_init                              0x08001111   Thumb Code    26  rt_mailbox.o(i.rt_mbx_init)
    rt_mbx_psh                               0x0800112d   Thumb Code   236  rt_mailbox.o(i.rt_mbx_psh)
    rt_mbx_wait                              0x0800121d   Thumb Code   174  rt_mailbox.o(i.rt_mbx_wait)
    rt_mut_release                           0x08001315   Thumb Code   208  rt_mutex.o(i.rt_mut_release)
    rt_mut_wait                              0x080013ed   Thumb Code   114  rt_mutex.o(i.rt_mut_wait)
    rt_pop_req                               0x08001465   Thumb Code   112  rt_system.o(i.rt_pop_req)
    rt_psh_req                               0x080014e1   Thumb Code    22  rt_system.o(i.rt_psh_req)
    rt_psq_enq                               0x08001501   Thumb Code    88  rt_list.o(i.rt_psq_enq)
    rt_put_dly                               0x0800155d   Thumb Code    68  rt_list.o(i.rt_put_dly)
    rt_put_prio                              0x080015a5   Thumb Code    54  rt_list.o(i.rt_put_prio)
    rt_put_rdy_first                         0x080015dd   Thumb Code    14  rt_list.o(i.rt_put_rdy_first)
    rt_resort_prio                           0x080015f1   Thumb Code    46  rt_list.o(i.rt_resort_prio)
    rt_ret_val                               0x08001635   Thumb Code    12  hal_cm.o(i.rt_ret_val)
    rt_ret_val2                              0x08001641   Thumb Code    16  hal_cm.o(i.rt_ret_val2)
    rt_rmv_dly                               0x08001651   Thumb Code    40  rt_list.o(i.rt_rmv_dly)
    rt_rmv_list                              0x08001679   Thumb Code    44  rt_list.o(i.rt_rmv_list)
    rt_sem_psh                               0x080016a9   Thumb Code    48  rt_semaphore.o(i.rt_sem_psh)
    rt_stk_check                             0x080016dd   Thumb Code    28  rt_system.o(i.rt_stk_check)
    rt_switch_req                            0x08001701   Thumb Code    30  rt_task.o(i.rt_switch_req)
    rt_sys_init                              0x08001729   Thumb Code   138  rt_task.o(i.rt_sys_init)
    rt_sys_start                             0x080017f5   Thumb Code   110  rt_task.o(i.rt_sys_start)
    rt_systick                               0x0800186d   Thumb Code    50  rt_system.o(i.rt_systick)
    rt_tsk_create                            0x08001931   Thumb Code   118  rt_task.o(i.rt_tsk_create)
    rt_tsk_delete                            0x080019b9   Thumb Code   352  rt_task.o(i.rt_tsk_delete)
    rt_tsk_pass                              0x08001b35   Thumb Code    38  rt_task.o(i.rt_tsk_pass)
    rt_tsk_prio                              0x08001b65   Thumb Code   108  rt_task.o(i.rt_tsk_prio)
    rt_tsk_self                              0x08001be1   Thumb Code    12  rt_task.o(i.rt_tsk_self)
    svcKernelInitialize                      0x08001bf1   Thumb Code    80  rt_cmsis.o(i.svcKernelInitialize)
    svcKernelStart                           0x08001c61   Thumb Code    62  rt_cmsis.o(i.svcKernelStart)
    svcMessageCreate                         0x08001ca9   Thumb Code    36  rt_cmsis.o(i.svcMessageCreate)
    svcMessageGet                            0x08001ccd   Thumb Code    58  rt_cmsis.o(i.svcMessageGet)
    svcThreadCreate                          0x08001d09   Thumb Code    96  rt_cmsis.o(i.svcThreadCreate)
    svcThreadGetId                           0x08001d75   Thumb Code    22  rt_cmsis.o(i.svcThreadGetId)
    svcThreadTerminate                       0x08001d91   Thumb Code    50  rt_cmsis.o(i.svcThreadTerminate)
    svcThreadYield                           0x08001dc9   Thumb Code    10  rt_cmsis.o(i.svcThreadYield)
    svcTimerCall                             0x08001dd3   Thumb Code    24  rt_cmsis.o(i.svcTimerCall)
    svcTimerCreate                           0x08001ded   Thumb Code    52  rt_cmsis.o(i.svcTimerCreate)
    svcTimerStart                            0x08001e25   Thumb Code    96  rt_cmsis.o(i.svcTimerStart)
    sysTimerTick                             0x08001e89   Thumb Code    84  rt_cmsis.o(i.sysTimerTick)
    _fp_init                                 0x08001ee5   Thumb Code    10  fpinit.o(x$fpl$fpinit)
    __fplib_config_fpu_vfp                   0x08001eed   Thumb Code     0  fpinit.o(x$fpl$fpinit)
    __fplib_config_pureend_doubles           0x08001eed   Thumb Code     0  fpinit.o(x$fpl$fpinit)
    os_timer_def_Pt                          0x08001ef0   Data           8  main.o(.constdata)
    os_thread_def_Child1                     0x08001ef8   Data          16  main.o(.constdata)
    os_thread_def_Child2                     0x08001f08   Data          16  main.o(.constdata)
    os_maxtaskrun                            0x08001f38   Data           2  rtx_conf_cm.o(.constdata)
    os_stackinfo                             0x08001f3c   Data           4  rtx_conf_cm.o(.constdata)
    os_rrobin                                0x08001f40   Data           4  rtx_conf_cm.o(.constdata)
    os_tickfreq                              0x08001f44   Data           4  rtx_conf_cm.o(.constdata)
    os_tickus_i                              0x08001f48   Data           2  rtx_conf_cm.o(.constdata)
    os_tickus_f                              0x08001f4a   Data           2  rtx_conf_cm.o(.constdata)
    os_trv                                   0x08001f4c   Data           4  rtx_conf_cm.o(.constdata)
    os_flags                                 0x08001f50   Data           1  rtx_conf_cm.o(.constdata)
    CMSIS_RTOS_API_Version                   0x08001f54   Data           4  rtx_conf_cm.o(.constdata)
    CMSIS_RTOS_RTX_Version                   0x08001f58   Data           4  rtx_conf_cm.o(.constdata)
    os_clockrate                             0x08001f5c   Data           4  rtx_conf_cm.o(.constdata)
    os_timernum                              0x08001f60   Data           4  rtx_conf_cm.o(.constdata)
    mp_tcb_size                              0x08001f64   Data           2  rtx_conf_cm.o(.constdata)
    mp_stk_size                              0x08001f68   Data           4  rtx_conf_cm.o(.constdata)
    os_stack_sz                              0x08001f6c   Data           4  rtx_conf_cm.o(.constdata)
    os_fifo_size                             0x08001f70   Data           1  rtx_conf_cm.o(.constdata)
    os_thread_def_osTimerThread              0x08001f74   Data          16  rtx_conf_cm.o(.constdata)
    os_messageQ_def_osTimerMessageQ          0x08001f84   Data           8  rtx_conf_cm.o(.constdata)
    mp_tmr_size                              0x08001f8c   Data           2  rtx_conf_cm.o(.constdata)
    os_thread_def_main                       0x08001f90   Data          16  rtx_conf_cm.o(.constdata)
    EventRecorderInfo                        0x08001fa0   Data          24  eventrecorder.o(.constdata)
    AHBPrescTable                            0x08001fb8   Data          16  system_stm32f4xx.o(.constdata)
    APBPrescTable                            0x08001fc8   Data           8  system_stm32f4xx.o(.constdata)
    Region$$Table$$Base                      0x08001fd0   Number         0  anon$$obj.o(Region$$Table)
    Region$$Table$$Limit                     0x08001ff0   Number         0  anon$$obj.o(Region$$Table)
    count                                    0x20000008   Data           4  main.o(.data)
    ID1                                      0x2000000c   Data           4  main.o(.data)
    ID2                                      0x20000010   Data           4  main.o(.data)
    osThreadId_osTimerThread                 0x20000014   Data           4  rtx_conf_cm.o(.data)
    osMessageQId_osTimerMessageQ             0x20000018   Data           4  rtx_conf_cm.o(.data)
    os_tmr                                   0x2000001c   Data           4  rtx_conf_cm.o(.data)
    m_tmr                                    0x20000020   Data           4  rtx_conf_cm.o(.data)
    SystemCoreClock                          0x20000028   Data           4  system_stm32f4xx.o(.data)
    os_initialized                           0x2000002c   Data           1  rt_cmsis.o(.data)
    os_running                               0x2000002d   Data           1  rt_cmsis.o(.data)
    os_timer_head                            0x20000030   Data           4  rt_cmsis.o(.data)
    os_tsk                                   0x20000034   Data           8  rt_task.o(.data)
    os_tick_irqn                             0x20000040   Data           4  rt_system.o(.data)
    os_time                                  0x20000044   Data           4  rt_time.o(.data)
    dbg_msg                                  0x20000048   Data           1  hal_cm.o(.data)
    mp_tcb                                   0x20000068   Data         376  rtx_conf_cm.o(.bss)
    mp_stk                                   0x200001e0   Data        1216  rtx_conf_cm.o(.bss)
    os_stack_mem                             0x200006a0   Data         432  rtx_conf_cm.o(.bss)
    os_fifo                                  0x20000850   Data         132  rtx_conf_cm.o(.bss)
    os_active_TCB                            0x200008d4   Data          28  rtx_conf_cm.o(.bss)
    os_messageQ_q_osTimerMessageQ            0x200008f0   Data          32  rtx_conf_cm.o(.bss)
    os_idle_TCB                              0x20000c30   Data          52  rt_task.o(.bss)
    os_rdy                                   0x20000c64   Data          24  rt_list.o(.bss)
    os_dly                                   0x20000c7c   Data          24  rt_list.o(.bss)
    __libspace_start                         0x20000c94   Data          96  libspace.o(.bss)
    __temporary_stack_top$libspace           0x20000cf4   Data           0  libspace.o(.bss)



==============================================================================

Memory Map of the image

  Image Entry point : 0x080003e5

  Load Region LR_1 (Base: 0x08000000, Size: 0x0000203c, Max: 0xffffffff, ABSOLUTE)

    Execution Region ER_RO (Base: 0x08000000, Size: 0x00001ff0, Max: 0xffffffff, ABSOLUTE)

    Base Addr    Size         Type   Attr      Idx    E Section Name        Object

    0x08000000   0x00000188   Data   RO         1056    RESET               startup_stm32f407xx.o
    0x08000188   0x00000008   Code   RO         2326  * !!!main             c_w.l(__main.o)
    0x08000190   0x00000034   Code   RO         2489    !!!scatter          c_w.l(__scatter.o)
    0x080001c4   0x0000001a   Code   RO         2491    !!handler_copy      c_w.l(__scatter_copy.o)
    0x080001de   0x00000002   PAD
    0x080001e0   0x0000001c   Code   RO         2493    !!handler_zi        c_w.l(__scatter_zi.o)
    0x080001fc   0x00000002   Code   RO         2375    .ARM.Collect$$libinit$$00000000  c_w.l(libinit.o)
    0x080001fe   0x00000004   Code   RO         2386    .ARM.Collect$$libinit$$00000001  c_w.l(libinit2.o)
    0x08000202   0x00000000   Code   RO         2389    .ARM.Collect$$libinit$$00000004  c_w.l(libinit2.o)
    0x08000202   0x00000000   Code   RO         2392    .ARM.Collect$$libinit$$0000000A  c_w.l(libinit2.o)
    0x08000202   0x00000000   Code   RO         2394    .ARM.Collect$$libinit$$0000000C  c_w.l(libinit2.o)
    0x08000202   0x00000000   Code   RO         2396    .ARM.Collect$$libinit$$0000000E  c_w.l(libinit2.o)
    0x08000202   0x00000000   Code   RO         2399    .ARM.Collect$$libinit$$00000011  c_w.l(libinit2.o)
    0x08000202   0x00000000   Code   RO         2401    .ARM.Collect$$libinit$$00000013  c_w.l(libinit2.o)
    0x08000202   0x00000000   Code   RO         2403    .ARM.Collect$$libinit$$00000015  c_w.l(libinit2.o)
    0x08000202   0x00000000   Code   RO         2405    .ARM.Collect$$libinit$$00000017  c_w.l(libinit2.o)
    0x08000202   0x00000000   Code   RO         2407    .ARM.Collect$$libinit$$00000019  c_w.l(libinit2.o)
    0x08000202   0x00000000   Code   RO         2409    .ARM.Collect$$libinit$$0000001B  c_w.l(libinit2.o)
    0x08000202   0x00000000   Code   RO         2411    .ARM.Collect$$libinit$$0000001D  c_w.l(libinit2.o)
    0x08000202   0x00000000   Code   RO         2413    .ARM.Collect$$libinit$$0000001F  c_w.l(libinit2.o)
    0x08000202   0x00000000   Code   RO         2415    .ARM.Collect$$libinit$$00000021  c_w.l(libinit2.o)
    0x08000202   0x00000000   Code   RO         2417    .ARM.Collect$$libinit$$00000023  c_w.l(libinit2.o)
    0x08000202   0x00000000   Code   RO         2419    .ARM.Collect$$libinit$$00000025  c_w.l(libinit2.o)
    0x08000202   0x00000000   Code   RO         2423    .ARM.Collect$$libinit$$0000002C  c_w.l(libinit2.o)
    0x08000202   0x00000000   Code   RO         2425    .ARM.Collect$$libinit$$0000002E  c_w.l(libinit2.o)
    0x08000202   0x00000000   Code   RO         2427    .ARM.Collect$$libinit$$00000030  c_w.l(libinit2.o)
    0x08000202   0x00000000   Code   RO         2429    .ARM.Collect$$libinit$$00000032  c_w.l(libinit2.o)
    0x08000202   0x00000002   Code   RO         2430    .ARM.Collect$$libinit$$00000033  c_w.l(libinit2.o)
    0x08000204   0x00000002   Code   RO         2376    .ARM.Collect$$libshutdown$$00000000  c_w.l(libshutdown.o)
    0x08000206   0x00000000   Code   RO         2432    .ARM.Collect$$libshutdown$$00000002  c_w.l(libshutdown2.o)
    0x08000206   0x00000000   Code   RO         2434    .ARM.Collect$$libshutdown$$00000004  c_w.l(libshutdown2.o)
    0x08000206   0x00000000   Code   RO         2437    .ARM.Collect$$libshutdown$$00000007  c_w.l(libshutdown2.o)
    0x08000206   0x00000000   Code   RO         2440    .ARM.Collect$$libshutdown$$0000000A  c_w.l(libshutdown2.o)
    0x08000206   0x00000000   Code   RO         2442    .ARM.Collect$$libshutdown$$0000000C  c_w.l(libshutdown2.o)
    0x08000206   0x00000000   Code   RO         2445    .ARM.Collect$$libshutdown$$0000000F  c_w.l(libshutdown2.o)
    0x08000206   0x00000002   Code   RO         2446    .ARM.Collect$$libshutdown$$00000010  c_w.l(libshutdown2.o)
    0x08000208   0x00000000   Code   RO         2328    .ARM.Collect$$rtentry$$00000000  c_w.l(__rtentry.o)
    0x08000208   0x00000000   Code   RO         2338    .ARM.Collect$$rtentry$$00000002  c_w.l(__rtentry2.o)
    0x08000208   0x00000006   Code   RO         2350    .ARM.Collect$$rtentry$$00000004  c_w.l(__rtentry4.o)
    0x0800020e   0x00000000   Code   RO         2340    .ARM.Collect$$rtentry$$00000009  c_w.l(__rtentry2.o)
    0x0800020e   0x00000004   Code   RO         2341    .ARM.Collect$$rtentry$$0000000A  c_w.l(__rtentry2.o)
    0x08000212   0x00000008   Code   RO         2342    .ARM.Collect$$rtentry$$0000000B  c_w.l(__rtentry2.o)
    0x0800021a   0x00000008   Code   RO         2344    .ARM.Collect$$rtentry$$0000000D  c_w.l(__rtentry2.o)
    0x08000222   0x00000002   Code   RO         2329    .ARM.Collect$$rtexit$$00000000  c_w.l(rtexit.o)
    0x08000224   0x00000000   Code   RO         2353    .ARM.Collect$$rtexit$$00000002  c_w.l(rtexit2.o)
    0x08000224   0x00000004   Code   RO         2354    .ARM.Collect$$rtexit$$00000003  c_w.l(rtexit2.o)
    0x08000228   0x00000006   Code   RO         2355    .ARM.Collect$$rtexit$$00000004  c_w.l(rtexit2.o)
    0x0800022e   0x00000002   PAD
    0x08000230   0x0000001c   Code   RO          194    .emb_text           rtx_conf_cm.o
    0x0800024c   0x00000198   Code   RO         2277    .emb_text           RTX_CM4.lib(hal_cm4.o)
    0x080003e4   0x00000040   Code   RO         1057  * .text               startup_stm32f407xx.o
    0x08000424   0x00000008   Code   RO         2313    .text               c_w.l(libspace.o)
    0x0800042c   0x000000ee   Code   RO         2316    .text               c_w.l(lludivv7m.o)
    0x0800051a   0x00000012   Code   RO         2318    .text               c_w.l(exit.o)
    0x0800052c   0x00000006   Code   RO         2324    .text               c_w.l(heapauxi.o)
    0x08000532   0x00000002   PAD
    0x08000534   0x0000000c   Code   RO         2361    .text               c_w.l(sys_exit.o)
    0x08000540   0x0000004a   Code   RO         2363    .text               c_w.l(sys_stackheap_outer.o)
    0x0800058a   0x00000002   Code   RO         2377    .text               c_w.l(use_no_semi.o)
    0x0800058c   0x00000000   Code   RO         2379    .text               c_w.l(indicate_semi.o)
    0x0800058c   0x00000004   Code   RO         2308    SVC_TABLE           RTX_CM4.lib(svc_table.o)
    0x08000590   0x00000020   Code   RO            4    i.Child1            main.o
    0x080005b0   0x00000020   Code   RO            5    i.Child2            main.o
    0x080005d0   0x00000200   Code   RO          679    i.HAL_GPIO_Init     stm32f4xx_hal_gpio.o
    0x080007d0   0x0000000c   Code   RO          683    i.HAL_GPIO_WritePin  stm32f4xx_hal_gpio.o
    0x080007dc   0x0000004c   Code   RO           96    i.LED_Initialize    led_f4discovery.o
    0x08000828   0x00000020   Code   RO           97    i.LED_Off           led_f4discovery.o
    0x08000848   0x00000020   Code   RO           98    i.LED_On            led_f4discovery.o
    0x08000868   0x00000080   Code   RO            6    i.Ptimer_callback   main.o
    0x080008e8   0x000000c0   Code   RO         1064    i.SystemCoreClockUpdate  system_stm32f4xx.o
    0x080009a8   0x00000064   Code   RO         1065    i.SystemInit        system_stm32f4xx.o
    0x08000a0c   0x00000046   Code   RO         2171    i._init_box         RTX_CM4.lib(rt_membox.o)
    0x08000a52   0x00000002   PAD
    0x08000a54   0x00000020   Code   RO          196    i._mutex_acquire    rtx_conf_cm.o
    0x08000a74   0x0000001c   Code   RO          198    i._mutex_release    rtx_conf_cm.o
    0x08000a90   0x00000030   Code   RO         2224    i.dbg_init          RTX_CM4.lib(hal_cm.o)
    0x08000ac0   0x00000020   Code   RO         2225    i.dbg_task_notify   RTX_CM4.lib(hal_cm.o)
    0x08000ae0   0x00000010   Code   RO         2226    i.dbg_task_switch   RTX_CM4.lib(hal_cm.o)
    0x08000af0   0x0000002a   Code   RO         1101    i.isrMessageGet     RTX_CM4.lib(rt_cmsis.o)
    0x08000b1a   0x0000002c   Code   RO         1102    i.isrMessagePut     RTX_CM4.lib(rt_cmsis.o)
    0x08000b46   0x00000002   PAD
    0x08000b48   0x00000056   Code   RO         2047    i.isr_mbx_receive   RTX_CM4.lib(rt_mailbox.o)
    0x08000b9e   0x0000000e   Code   RO         2048    i.isr_mbx_send      RTX_CM4.lib(rt_mailbox.o)
    0x08000bac   0x00000040   Code   RO            7    i.main              main.o
    0x08000bec   0x0000000c   Code   RO            8    i.myDelay           main.o
    0x08000bf8   0x00000024   Code   RO         1106    i.osKernelInitialize  RTX_CM4.lib(rt_cmsis.o)
    0x08000c1c   0x0000006c   Code   RO         1108    i.osKernelStart     RTX_CM4.lib(rt_cmsis.o)
    0x08000c88   0x00000018   Code   RO         1117    i.osMessageGet      RTX_CM4.lib(rt_cmsis.o)
    0x08000ca0   0x0000002c   Code   RO         1134    i.osThreadCreate    RTX_CM4.lib(rt_cmsis.o)
    0x08000ccc   0x00000018   Code   RO         1135    i.osThreadExit      RTX_CM4.lib(rt_cmsis.o)
    0x08000ce4   0x00000018   Code   RO         1139    i.osThreadTerminate  RTX_CM4.lib(rt_cmsis.o)
    0x08000cfc   0x00000018   Code   RO         1140    i.osThreadYield     RTX_CM4.lib(rt_cmsis.o)
    0x08000d14   0x0000000c   Code   RO         1141    i.osTimerCall       RTX_CM4.lib(rt_cmsis.o)
    0x08000d20   0x0000002c   Code   RO         1142    i.osTimerCreate     RTX_CM4.lib(rt_cmsis.o)
    0x08000d4c   0x00000018   Code   RO         1144    i.osTimerStart      RTX_CM4.lib(rt_cmsis.o)
    0x08000d64   0x0000002c   Code   RO         1146    i.osTimerThread     RTX_CM4.lib(rt_cmsis.o)
    0x08000d90   0x00000022   Code   RO          199    i.os_error          rtx_conf_cm.o
    0x08000db2   0x00000004   Code   RO          200    i.os_idle_demon     rtx_conf_cm.o
    0x08000db6   0x00000002   PAD
    0x08000db8   0x00000028   Code   RO         1839    i.os_tick_init      RTX_CM4.lib(rt_system.o)
    0x08000de0   0x00000002   Code   RO         1840    i.os_tick_irqack    RTX_CM4.lib(rt_system.o)
    0x08000de2   0x0000001a   Code   RO         2172    i.rt_alloc_box      RTX_CM4.lib(rt_membox.o)
    0x08000dfc   0x0000003e   Code   RO         2200    i.rt_alloc_mem      RTX_CM4.lib(rt_memory.o)
    0x08000e3a   0x00000002   PAD
    0x08000e3c   0x00000038   Code   RO         1720    i.rt_block          RTX_CM4.lib(rt_task.o)
    0x08000e74   0x00000002   Code   RO          201    i.rt_chk_robin      rtx_conf_cm.o
    0x08000e76   0x00000002   PAD
    0x08000e78   0x00000070   Code   RO         1971    i.rt_dec_dly        RTX_CM4.lib(rt_list.o)
    0x08000ee8   0x00000044   Code   RO         1721    i.rt_dispatch       RTX_CM4.lib(rt_task.o)
    0x08000f2c   0x00000050   Code   RO         1932    i.rt_evt_psh        RTX_CM4.lib(rt_event.o)
    0x08000f7c   0x0000002c   Code   RO         2173    i.rt_free_box       RTX_CM4.lib(rt_membox.o)
    0x08000fa8   0x00000028   Code   RO         2201    i.rt_free_mem       RTX_CM4.lib(rt_memory.o)
    0x08000fd0   0x00000028   Code   RO         1972    i.rt_get_first      RTX_CM4.lib(rt_list.o)
    0x08000ff8   0x00000024   Code   RO         1973    i.rt_get_same_rdy_prio  RTX_CM4.lib(rt_list.o)
    0x0800101c   0x00000008   Code   RO         1151    i.rt_id2obj         RTX_CM4.lib(rt_cmsis.o)
    0x08001024   0x00000048   Code   RO         1722    i.rt_init_context   RTX_CM4.lib(rt_task.o)
    0x0800106c   0x0000001a   Code   RO         2202    i.rt_init_mem       RTX_CM4.lib(rt_memory.o)
    0x08001086   0x00000002   Code   RO          202    i.rt_init_robin     rtx_conf_cm.o
    0x08001088   0x00000080   Code   RO         2227    i.rt_init_stack     RTX_CM4.lib(hal_cm.o)
    0x08001108   0x00000008   Code   RO         2049    i.rt_mbx_check      RTX_CM4.lib(rt_mailbox.o)
    0x08001110   0x0000001a   Code   RO         2050    i.rt_mbx_init       RTX_CM4.lib(rt_mailbox.o)
    0x0800112a   0x00000002   PAD
    0x0800112c   0x000000f0   Code   RO         2051    i.rt_mbx_psh        RTX_CM4.lib(rt_mailbox.o)
    0x0800121c   0x000000b4   Code   RO         2053    i.rt_mbx_wait       RTX_CM4.lib(rt_mailbox.o)
    0x080012d0   0x00000044   Code   RO         1152    i.rt_ms2tick        RTX_CM4.lib(rt_cmsis.o)
    0x08001314   0x000000d8   Code   RO         1806    i.rt_mut_release    RTX_CM4.lib(rt_mutex.o)
    0x080013ec   0x00000078   Code   RO         1807    i.rt_mut_wait       RTX_CM4.lib(rt_mutex.o)
    0x08001464   0x0000007c   Code   RO         1843    i.rt_pop_req        RTX_CM4.lib(rt_system.o)
    0x080014e0   0x00000020   Code   RO         1844    i.rt_psh_req        RTX_CM4.lib(rt_system.o)
    0x08001500   0x0000005c   Code   RO         1974    i.rt_psq_enq        RTX_CM4.lib(rt_list.o)
    0x0800155c   0x00000048   Code   RO         1975    i.rt_put_dly        RTX_CM4.lib(rt_list.o)
    0x080015a4   0x00000036   Code   RO         1976    i.rt_put_prio       RTX_CM4.lib(rt_list.o)
    0x080015da   0x00000002   PAD
    0x080015dc   0x00000014   Code   RO         1977    i.rt_put_rdy_first  RTX_CM4.lib(rt_list.o)
    0x080015f0   0x00000034   Code   RO         1978    i.rt_resort_prio    RTX_CM4.lib(rt_list.o)
    0x08001624   0x00000010   Code   RO         2228    i.rt_ret_regs       RTX_CM4.lib(hal_cm.o)
    0x08001634   0x0000000c   Code   RO         2229    i.rt_ret_val        RTX_CM4.lib(hal_cm.o)
    0x08001640   0x00000010   Code   RO         2230    i.rt_ret_val2       RTX_CM4.lib(hal_cm.o)
    0x08001650   0x00000028   Code   RO         1979    i.rt_rmv_dly        RTX_CM4.lib(rt_list.o)
    0x08001678   0x00000030   Code   RO         1980    i.rt_rmv_list       RTX_CM4.lib(rt_list.o)
    0x080016a8   0x00000034   Code   RO         2098    i.rt_sem_psh        RTX_CM4.lib(rt_semaphore.o)
    0x080016dc   0x00000024   Code   RO         1846    i.rt_stk_check      RTX_CM4.lib(rt_system.o)
    0x08001700   0x00000028   Code   RO         1723    i.rt_switch_req     RTX_CM4.lib(rt_task.o)
    0x08001728   0x000000cc   Code   RO         1724    i.rt_sys_init       RTX_CM4.lib(rt_task.o)
    0x080017f4   0x00000078   Code   RO         1725    i.rt_sys_start      RTX_CM4.lib(rt_task.o)
    0x0800186c   0x00000040   Code   RO         1848    i.rt_systick        RTX_CM4.lib(rt_system.o)
    0x080018ac   0x00000012   Code   RO         1153    i.rt_tid2ptcb       RTX_CM4.lib(rt_cmsis.o)
    0x080018be   0x00000002   PAD
    0x080018c0   0x00000034   Code   RO         1154    i.rt_timer_insert   RTX_CM4.lib(rt_cmsis.o)
    0x080018f4   0x0000003c   Code   RO         1155    i.rt_timer_remove   RTX_CM4.lib(rt_cmsis.o)
    0x08001930   0x00000088   Code   RO         1726    i.rt_tsk_create     RTX_CM4.lib(rt_task.o)
    0x080019b8   0x0000017c   Code   RO         1727    i.rt_tsk_delete     RTX_CM4.lib(rt_task.o)
    0x08001b34   0x00000030   Code   RO         1728    i.rt_tsk_pass       RTX_CM4.lib(rt_task.o)
    0x08001b64   0x0000007c   Code   RO         1729    i.rt_tsk_prio       RTX_CM4.lib(rt_task.o)
    0x08001be0   0x00000010   Code   RO         1730    i.rt_tsk_self       RTX_CM4.lib(rt_task.o)
    0x08001bf0   0x00000070   Code   RO         1157    i.svcKernelInitialize  RTX_CM4.lib(rt_cmsis.o)
    0x08001c60   0x00000048   Code   RO         1159    i.svcKernelStart    RTX_CM4.lib(rt_cmsis.o)
    0x08001ca8   0x00000024   Code   RO         1162    i.svcMessageCreate  RTX_CM4.lib(rt_cmsis.o)
    0x08001ccc   0x0000003a   Code   RO         1163    i.svcMessageGet     RTX_CM4.lib(rt_cmsis.o)
    0x08001d06   0x00000002   PAD
    0x08001d08   0x0000006c   Code   RO         1177    i.svcThreadCreate   RTX_CM4.lib(rt_cmsis.o)
    0x08001d74   0x0000001c   Code   RO         1178    i.svcThreadGetId    RTX_CM4.lib(rt_cmsis.o)
    0x08001d90   0x00000038   Code   RO         1181    i.svcThreadTerminate  RTX_CM4.lib(rt_cmsis.o)
    0x08001dc8   0x0000000a   Code   RO         1182    i.svcThreadYield    RTX_CM4.lib(rt_cmsis.o)
    0x08001dd2   0x00000018   Code   RO         1183    i.svcTimerCall      RTX_CM4.lib(rt_cmsis.o)
    0x08001dea   0x00000002   PAD
    0x08001dec   0x00000038   Code   RO         1184    i.svcTimerCreate    RTX_CM4.lib(rt_cmsis.o)
    0x08001e24   0x00000064   Code   RO         1186    i.svcTimerStart     RTX_CM4.lib(rt_cmsis.o)
    0x08001e88   0x0000005c   Code   RO         1192    i.sysTimerTick      RTX_CM4.lib(rt_cmsis.o)
    0x08001ee4   0x0000000a   Code   RO         2453    x$fpl$fpinit        fz_wm.l(fpinit.o)
    0x08001eee   0x00000002   PAD
    0x08001ef0   0x00000028   Data   RO           10    .constdata          main.o
    0x08001f18   0x00000020   Data   RO          101    .constdata          led_f4discovery.o
    0x08001f38   0x00000068   Data   RO          204    .constdata          rtx_conf_cm.o
    0x08001fa0   0x00000018   Data   RO          285    .constdata          eventrecorder.o
    0x08001fb8   0x00000018   Data   RO         1066    .constdata          system_stm32f4xx.o
    0x08001fd0   0x00000020   Data   RO         2487    Region$$Table       anon$$obj.o


    Execution Region ER_RW (Base: 0x20000000, Size: 0x0000004c, Max: 0xffffffff, ABSOLUTE)

    Base Addr    Size         Type   Attr      Idx    E Section Name        Object

    0x20000000   0x00000014   Data   RW           11    .data               main.o
    0x20000014   0x00000014   Data   RW          205    .data               rtx_conf_cm.o
    0x20000028   0x00000004   Data   RW         1067    .data               system_stm32f4xx.o
    0x2000002c   0x00000008   Data   RW         1195    .data               RTX_CM4.lib(rt_cmsis.o)
    0x20000034   0x00000008   Data   RW         1732    .data               RTX_CM4.lib(rt_task.o)
    0x2000003c   0x00000008   Data   RW         1851    .data               RTX_CM4.lib(rt_system.o)
    0x20000044   0x00000004   Data   RW         2141    .data               RTX_CM4.lib(rt_time.o)
    0x20000048   0x00000001   Data   RW         2231    .data               RTX_CM4.lib(hal_cm.o)


    Execution Region ER_ZI (Base: 0x2000004c, Size: 0x0000175c, Max: 0xffffffff, ABSOLUTE)

    Base Addr    Size         Type   Attr      Idx    E Section Name        Object

    0x2000004c   0x00000018   Zero   RW            9    .bss                main.o
    0x20000064   0x00000004   PAD
    0x20000068   0x00000bc8   Zero   RW          203    .bss                rtx_conf_cm.o
    0x20000c30   0x00000034   Zero   RW         1731    .bss                RTX_CM4.lib(rt_task.o)
    0x20000c64   0x00000030   Zero   RW         1981    .bss                RTX_CM4.lib(rt_list.o)
    0x20000c94   0x00000060   Zero   RW         2314    .bss                c_w.l(libspace.o)
    0x20000cf4   0x0000000c   PAD
    0x20000d00   0x000004a4   Zero   RW          286    .noinit             eventrecorder.o
    0x200011a4   0x00000004   PAD
    0x200011a8   0x00000200   Zero   RW         1055    HEAP                startup_stm32f407xx.o
    0x200013a8   0x00000400   Zero   RW         1054    STACK               startup_stm32f407xx.o


==============================================================================

Image component sizes


      Code (inc. data)   RO Data    RW Data    ZI Data      Debug   Object Name

         0          0         24          0       1188       3748   eventrecorder.o
       140         16         32          0          0       6240   led_f4discovery.o
       268         42         40         20         24     563167   main.o
       130         26        104         20       3016      10406   rtx_conf_cm.o
        64         26        392          0       1536        876   startup_stm32f407xx.o
       524         46          0          0          0       2572   stm32f4xx_hal_gpio.o
       292         40         24          4          0       2099   system_stm32f4xx.o

    ----------------------------------------------------------------------
      1422        196        648         44       5772     589108   Object Totals
         0          0         32          0          0          0   (incl. Generated)
         4          0          0          0          8          0   (incl. Padding)

    ----------------------------------------------------------------------

      Code (inc. data)   RO Data    RW Data    ZI Data      Debug   Library Member Name

       268         24          0          1          0       4524   hal_cm.o
       408         34          0          0          0        824   hal_cm4.o
      1452        176          0          8          0      40034   rt_cmsis.o
        80          4          0          0          0        709   rt_event.o
       566         44          0          0         48       9272   rt_list.o
       554         10          0          0          0       4237   rt_mailbox.o
       140          0          0          0          0       2069   rt_membox.o
       128          0          0          0          0       2451   rt_memory.o
       336         14          0          0          0       1739   rt_mutex.o
        52          4          0          0          0        621   rt_semaphore.o
       298         52          0          8          0       6511   rt_system.o
      1264        184          0          8         52      10675   rt_task.o
         0          0          0          4          0        214   rt_time.o
         4          4          0          0          0        208   svc_table.o
         8          0          0          0          0         68   __main.o
         0          0          0          0          0          0   __rtentry.o
        20          0          0          0          0          0   __rtentry2.o
         6          0          0          0          0          0   __rtentry4.o
        52          8          0          0          0          0   __scatter.o
        26          0          0          0          0          0   __scatter_copy.o
        28          0          0          0          0          0   __scatter_zi.o
        18          0          0          0          0         80   exit.o
         6          0          0          0          0        152   heapauxi.o
         0          0          0          0          0          0   indicate_semi.o
         2          0          0          0          0          0   libinit.o
         6          0          0          0          0          0   libinit2.o
         2          0          0          0          0          0   libshutdown.o
         2          0          0          0          0          0   libshutdown2.o
         8          4          0          0         96         68   libspace.o
       238          0          0          0          0        100   lludivv7m.o
         2          0          0          0          0          0   rtexit.o
        10          0          0          0          0          0   rtexit2.o
        12          4          0          0          0         68   sys_exit.o
        74          0          0          0          0         80   sys_stackheap_outer.o
         2          0          0          0          0         68   use_no_semi.o
        10          0          0          0          0        116   fpinit.o

    ----------------------------------------------------------------------
      6106        566          0         32        208      84888   Library Totals
        24          0          0          3         12          0   (incl. Padding)

    ----------------------------------------------------------------------

      Code (inc. data)   RO Data    RW Data    ZI Data      Debug   Library Name

      5550        550          0         29        100      84088   RTX_CM4.lib
       522         16          0          0         96        684   c_w.l
        10          0          0          0          0        116   fz_wm.l

    ----------------------------------------------------------------------
      6106        566          0         32        208      84888   Library Totals

    ----------------------------------------------------------------------

==============================================================================


      Code (inc. data)   RO Data    RW Data    ZI Data      Debug   

      7528        762        648         76       5980     664888   Grand Totals
      7528        762        648         76       5980     664888   ELF Image Totals
      7528        762        648         76          0          0   ROM Totals

==============================================================================

    Total RO  Size (Code + RO Data)                 8176 (   7.98kB)
    Total RW  Size (RW Data + ZI Data)              6056 (   5.91kB)
    Total ROM Size (Code + RO Data + RW Data)       8252 (   8.06kB)

==============================================================================

